#-----------------------------------------------------------
# Vivado v2017.2 (64-bit)
# SW Build 1909853 on Thu Jun 15 18:39:09 MDT 2017
# IP Build 1909766 on Thu Jun 15 19:58:00 MDT 2017
# Start of session at: Tue Oct 23 23:12:33 2018
# Process ID: 12932
# Current directory: D:/ECM_DCD/username/ip_repo/csy_lib/vivado/top_csy_core
# Command line: vivado.exe -mode gui -journal ./top_csy_core_Flow.jou -log ./top_csy_core_Flow.log -source ./HDS_Scripts/top_csy_core_Flow.tcl
# Log file: D:/ECM_DCD/username/ip_repo/csy_lib/vivado/top_csy_core/./top_csy_core_Flow.log
# Journal file: D:/ECM_DCD/username/ip_repo/csy_lib/vivado/top_csy_core\./top_csy_core_Flow.jou
#-----------------------------------------------------------
start_gui
source ./HDS_Scripts/top_csy_core_Flow.tcl
update_compile_order -fileset sources_1
ipx::package_project -root_dir d:/ecm_dcd/username/ip_repo -vendor fh-joanneum.local -library user -taxonomy /UserIP -force
set_property display_name csy_core_v1_0 [ipx::current_core]
set_property description csy_core_v1_0 [ipx::current_core]
set_property display_name csy_core [ipx::current_core]
set_property description csy_core [ipx::current_core]
set_property name csy_core [ipx::current_core]
set_property name codec_i2c [ipx::get_bus_interfaces user_i2c -of_objects [ipx::current_core]]
set_property name codec_i2s [ipx::get_bus_interfaces user_i2s -of_objects [ipx::current_core]]
set_property name sbus_slv [ipx::get_bus_interfaces user_sbus -of_objects [ipx::current_core]]
ipx::remove_bus_interface reset [ipx::current_core]
ipx::remove_bus_interface clk [ipx::current_core]
ipx::infer_bus_interface irq_o xilinx.com:signal:interrupt_rtl:1.0 [ipx::current_core]
ipx::infer_bus_interface {sbus_ack_mst sbus_rdata_mst sbus_addr_mst sbus_be_mst sbus_rd_mst sbus_wdata_mst sbus_we_mst} fh-joanneum.local:user:sbus_rtl:1.0 [ipx::current_core]
set_property name sbus_mst [ipx::get_bus_interfaces sbus_1 -of_objects [ipx::current_core]]
set_property widget {textEdit} [ipgui::get_guiparamspec -name "C_CORE_CLK_FREQUENCY" -component [ipx::current_core] ]
set_property value 100000000 [ipx::get_user_parameters C_CORE_CLK_FREQUENCY -of_objects [ipx::current_core]]
set_property value 100000000 [ipx::get_hdl_parameters C_CORE_CLK_FREQUENCY -of_objects [ipx::current_core]]
set_property core_revision 2 [ipx::current_core]
ipx::create_xgui_files [ipx::current_core]
ipx::update_checksums [ipx::current_core]
ipx::save_core [ipx::current_core]
update_ip_catalog -rebuild -repo_path d:/ECM_DCD/username/ip_repo
close_project
