20:29:01 **** Build of project console_bsp ****
make -k all 
"Running Make include in ps7_cortexa9_0/libsrc/coresightps_dcc_v1_4/src"
make -C ps7_cortexa9_0/libsrc/coresightps_dcc_v1_4/src -s include  "SHELL=CMD" "COMPILER=arm-none-eabi-gcc" "ARCHIVER=arm-none-eabi-ar" "COMPILER_FLAGS=  -O2 -c" "EXTRA_COMPILER_FLAGS=-mcpu=cortex-a9 -mfpu=vfpv3 -mfloat-abi=hard -nostartfiles -Wall -Wextra"
"Running Make include in ps7_cortexa9_0/libsrc/cpu_cortexa9_v2_4/src"
make -C ps7_cortexa9_0/libsrc/cpu_cortexa9_v2_4/src -s include  "SHELL=CMD" "COMPILER=arm-none-eabi-gcc" "ARCHIVER=arm-none-eabi-ar" "COMPILER_FLAGS=  -O2 -c" "EXTRA_COMPILER_FLAGS=-mcpu=cortex-a9 -mfpu=vfpv3 -mfloat-abi=hard -nostartfiles -Wall -Wextra"
"Running Make include in ps7_cortexa9_0/libsrc/ddrps_v1_0/src"
make -C ps7_cortexa9_0/libsrc/ddrps_v1_0/src -s include  "SHELL=CMD" "COMPILER=arm-none-eabi-gcc" "ARCHIVER=arm-none-eabi-ar" "COMPILER_FLAGS=  -O2 -c" "EXTRA_COMPILER_FLAGS=-mcpu=cortex-a9 -mfpu=vfpv3 -mfloat-abi=hard -nostartfiles -Wall -Wextra"
"Running Make include in ps7_cortexa9_0/libsrc/devcfg_v3_4/src"
make -C ps7_cortexa9_0/libsrc/devcfg_v3_4/src -s include  "SHELL=CMD" "COMPILER=arm-none-eabi-gcc" "ARCHIVER=arm-none-eabi-ar" "COMPILER_FLAGS=  -O2 -c" "EXTRA_COMPILER_FLAGS=-mcpu=cortex-a9 -mfpu=vfpv3 -mfloat-abi=hard -nostartfiles -Wall -Wextra"
"Running Make include in ps7_cortexa9_0/libsrc/dmaps_v2_3/src"
make -C ps7_cortexa9_0/libsrc/dmaps_v2_3/src -s include  "SHELL=CMD" "COMPILER=arm-none-eabi-gcc" "ARCHIVER=arm-none-eabi-ar" "COMPILER_FLAGS=  -O2 -c" "EXTRA_COMPILER_FLAGS=-mcpu=cortex-a9 -mfpu=vfpv3 -mfloat-abi=hard -nostartfiles -Wall -Wextra"
"Running Make include in ps7_cortexa9_0/libsrc/emacps_v3_4/src"
make -C ps7_cortexa9_0/libsrc/emacps_v3_4/src -s include  "SHELL=CMD" "COMPILER=arm-none-eabi-gcc" "ARCHIVER=arm-none-eabi-ar" "COMPILER_FLAGS=  -O2 -c" "EXTRA_COMPILER_FLAGS=-mcpu=cortex-a9 -mfpu=vfpv3 -mfloat-abi=hard -nostartfiles -Wall -Wextra"
"Running Make include in ps7_cortexa9_0/libsrc/gpiops_v3_3/src"
make -C ps7_cortexa9_0/libsrc/gpiops_v3_3/src -s include  "SHELL=CMD" "COMPILER=arm-none-eabi-gcc" "ARCHIVER=arm-none-eabi-ar" "COMPILER_FLAGS=  -O2 -c" "EXTRA_COMPILER_FLAGS=-mcpu=cortex-a9 -mfpu=vfpv3 -mfloat-abi=hard -nostartfiles -Wall -Wextra"
"Running Make include in ps7_cortexa9_0/libsrc/qspips_v3_3/src"
make -C ps7_cortexa9_0/libsrc/qspips_v3_3/src -s include  "SHELL=CMD" "COMPILER=arm-none-eabi-gcc" "ARCHIVER=arm-none-eabi-ar" "COMPILER_FLAGS=  -O2 -c" "EXTRA_COMPILER_FLAGS=-mcpu=cortex-a9 -mfpu=vfpv3 -mfloat-abi=hard -nostartfiles -Wall -Wextra"
"Running Make include in ps7_cortexa9_0/libsrc/scugic_v3_7/src"
make -C ps7_cortexa9_0/libsrc/scugic_v3_7/src -s include  "SHELL=CMD" "COMPILER=arm-none-eabi-gcc" "ARCHIVER=arm-none-eabi-ar" "COMPILER_FLAGS=  -O2 -c" "EXTRA_COMPILER_FLAGS=-mcpu=cortex-a9 -mfpu=vfpv3 -mfloat-abi=hard -nostartfiles -Wall -Wextra"
"Running Make include in ps7_cortexa9_0/libsrc/scutimer_v2_1/src"
make -C ps7_cortexa9_0/libsrc/scutimer_v2_1/src -s include  "SHELL=CMD" "COMPILER=arm-none-eabi-gcc" "ARCHIVER=arm-none-eabi-ar" "COMPILER_FLAGS=  -O2 -c" "EXTRA_COMPILER_FLAGS=-mcpu=cortex-a9 -mfpu=vfpv3 -mfloat-abi=hard -nostartfiles -Wall -Wextra"
"Running Make include in ps7_cortexa9_0/libsrc/scuwdt_v2_1/src"
make -C ps7_cortexa9_0/libsrc/scuwdt_v2_1/src -s include  "SHELL=CMD" "COMPILER=arm-none-eabi-gcc" "ARCHIVER=arm-none-eabi-ar" "COMPILER_FLAGS=  -O2 -c" "EXTRA_COMPILER_FLAGS=-mcpu=cortex-a9 -mfpu=vfpv3 -mfloat-abi=hard -nostartfiles -Wall -Wextra"
"Running Make include in ps7_cortexa9_0/libsrc/sdps_v3_2/src"
make -C ps7_cortexa9_0/libsrc/sdps_v3_2/src -s include  "SHELL=CMD" "COMPILER=arm-none-eabi-gcc" "ARCHIVER=arm-none-eabi-ar" "COMPILER_FLAGS=  -O2 -c" "EXTRA_COMPILER_FLAGS=-mcpu=cortex-a9 -mfpu=vfpv3 -mfloat-abi=hard -nostartfiles -Wall -Wextra"
"Running Make include in ps7_cortexa9_0/libsrc/standalone_v6_3/src"
make -C ps7_cortexa9_0/libsrc/standalone_v6_3/src -s include  "SHELL=CMD" "COMPILER=arm-none-eabi-gcc" "ARCHIVER=arm-none-eabi-ar" "COMPILER_FLAGS=  -O2 -c" "EXTRA_COMPILER_FLAGS=-mcpu=cortex-a9 -mfpu=vfpv3 -mfloat-abi=hard -nostartfiles -Wall -Wextra"
"Running Make include in ps7_cortexa9_0/libsrc/ttcps_v3_3/src"
make -C ps7_cortexa9_0/libsrc/ttcps_v3_3/src -s include  "SHELL=CMD" "COMPILER=arm-none-eabi-gcc" "ARCHIVER=arm-none-eabi-ar" "COMPILER_FLAGS=  -O2 -c" "EXTRA_COMPILER_FLAGS=-mcpu=cortex-a9 -mfpu=vfpv3 -mfloat-abi=hard -nostartfiles -Wall -Wextra"
"Running Make include in ps7_cortexa9_0/libsrc/uartps_v3_4/src"
make -C ps7_cortexa9_0/libsrc/uartps_v3_4/src -s include  "SHELL=CMD" "COMPILER=arm-none-eabi-gcc" "ARCHIVER=arm-none-eabi-ar" "COMPILER_FLAGS=  -O2 -c" "EXTRA_COMPILER_FLAGS=-mcpu=cortex-a9 -mfpu=vfpv3 -mfloat-abi=hard -nostartfiles -Wall -Wextra"
"Running Make include in ps7_cortexa9_0/libsrc/usbps_v2_4/src"
make -C ps7_cortexa9_0/libsrc/usbps_v2_4/src -s include  "SHELL=CMD" "COMPILER=arm-none-eabi-gcc" "ARCHIVER=arm-none-eabi-ar" "COMPILER_FLAGS=  -O2 -c" "EXTRA_COMPILER_FLAGS=-mcpu=cortex-a9 -mfpu=vfpv3 -mfloat-abi=hard -nostartfiles -Wall -Wextra"
"Running Make include in ps7_cortexa9_0/libsrc/xadcps_v2_2/src"
make -C ps7_cortexa9_0/libsrc/xadcps_v2_2/src -s include  "SHELL=CMD" "COMPILER=arm-none-eabi-gcc" "ARCHIVER=arm-none-eabi-ar" "COMPILER_FLAGS=  -O2 -c" "EXTRA_COMPILER_FLAGS=-mcpu=cortex-a9 -mfpu=vfpv3 -mfloat-abi=hard -nostartfiles -Wall -Wextra"
"Running Make libs in ps7_cortexa9_0/libsrc/coresightps_dcc_v1_4/src"
make -C ps7_cortexa9_0/libsrc/coresightps_dcc_v1_4/src -s libs  "SHELL=CMD" "COMPILER=arm-none-eabi-gcc" "ARCHIVER=arm-none-eabi-ar" "COMPILER_FLAGS=  -O2 -c" "EXTRA_COMPILER_FLAGS=-mcpu=cortex-a9 -mfpu=vfpv3 -mfloat-abi=hard -nostartfiles -Wall -Wextra"
"Compiling coresightps_dcc"
arm-none-eabi-ar: creating ../../../lib/libxil.a
"Running Make libs in ps7_cortexa9_0/libsrc/cpu_cortexa9_v2_4/src"
make -C ps7_cortexa9_0/libsrc/cpu_cortexa9_v2_4/src -s libs  "SHELL=CMD" "COMPILER=arm-none-eabi-gcc" "ARCHIVER=arm-none-eabi-ar" "COMPILER_FLAGS=  -O2 -c" "EXTRA_COMPILER_FLAGS=-mcpu=cortex-a9 -mfpu=vfpv3 -mfloat-abi=hard -nostartfiles -Wall -Wextra"
"Compiling cpu_cortexa9"
"Running Make libs in ps7_cortexa9_0/libsrc/ddrps_v1_0/src"
make -C ps7_cortexa9_0/libsrc/ddrps_v1_0/src -s libs  "SHELL=CMD" "COMPILER=arm-none-eabi-gcc" "ARCHIVER=arm-none-eabi-ar" "COMPILER_FLAGS=  -O2 -c" "EXTRA_COMPILER_FLAGS=-mcpu=cortex-a9 -mfpu=vfpv3 -mfloat-abi=hard -nostartfiles -Wall -Wextra"
"Compiling ddrps"
"Running Make libs in ps7_cortexa9_0/libsrc/devcfg_v3_4/src"
make -C ps7_cortexa9_0/libsrc/devcfg_v3_4/src -s libs  "SHELL=CMD" "COMPILER=arm-none-eabi-gcc" "ARCHIVER=arm-none-eabi-ar" "COMPILER_FLAGS=  -O2 -c" "EXTRA_COMPILER_FLAGS=-mcpu=cortex-a9 -mfpu=vfpv3 -mfloat-abi=hard -nostartfiles -Wall -Wextra"
"Compiling devcfg"
"Running Make libs in ps7_cortexa9_0/libsrc/dmaps_v2_3/src"
make -C ps7_cortexa9_0/libsrc/dmaps_v2_3/src -s libs  "SHELL=CMD" "COMPILER=arm-none-eabi-gcc" "ARCHIVER=arm-none-eabi-ar" "COMPILER_FLAGS=  -O2 -c" "EXTRA_COMPILER_FLAGS=-mcpu=cortex-a9 -mfpu=vfpv3 -mfloat-abi=hard -nostartfiles -Wall -Wextra"
"Compiling dmaps"
"Running Make libs in ps7_cortexa9_0/libsrc/emacps_v3_4/src"
make -C ps7_cortexa9_0/libsrc/emacps_v3_4/src -s libs  "SHELL=CMD" "COMPILER=arm-none-eabi-gcc" "ARCHIVER=arm-none-eabi-ar" "COMPILER_FLAGS=  -O2 -c" "EXTRA_COMPILER_FLAGS=-mcpu=cortex-a9 -mfpu=vfpv3 -mfloat-abi=hard -nostartfiles -Wall -Wextra"
"Compiling emacps"
"Running Make libs in ps7_cortexa9_0/libsrc/gpiops_v3_3/src"
make -C ps7_cortexa9_0/libsrc/gpiops_v3_3/src -s libs  "SHELL=CMD" "COMPILER=arm-none-eabi-gcc" "ARCHIVER=arm-none-eabi-ar" "COMPILER_FLAGS=  -O2 -c" "EXTRA_COMPILER_FLAGS=-mcpu=cortex-a9 -mfpu=vfpv3 -mfloat-abi=hard -nostartfiles -Wall -Wextra"
"Compiling gpiops"
"Running Make libs in ps7_cortexa9_0/libsrc/qspips_v3_3/src"
make -C ps7_cortexa9_0/libsrc/qspips_v3_3/src -s libs  "SHELL=CMD" "COMPILER=arm-none-eabi-gcc" "ARCHIVER=arm-none-eabi-ar" "COMPILER_FLAGS=  -O2 -c" "EXTRA_COMPILER_FLAGS=-mcpu=cortex-a9 -mfpu=vfpv3 -mfloat-abi=hard -nostartfiles -Wall -Wextra"
"Compiling qspips"
"Running Make libs in ps7_cortexa9_0/libsrc/scugic_v3_7/src"
make -C ps7_cortexa9_0/libsrc/scugic_v3_7/src -s libs  "SHELL=CMD" "COMPILER=arm-none-eabi-gcc" "ARCHIVER=arm-none-eabi-ar" "COMPILER_FLAGS=  -O2 -c" "EXTRA_COMPILER_FLAGS=-mcpu=cortex-a9 -mfpu=vfpv3 -mfloat-abi=hard -nostartfiles -Wall -Wextra"
"Compiling scugic"
xscugic_g.c:53:2: warning: missing initializer for field 'HandlerTable' of 'XScuGic_Config {aka struct <anonymous>}' [-Wmissing-field-initializers]
  }
  ^
In file included from xscugic_g.c:41:0:
xscugic.h:218:27: note: 'HandlerTable' declared here
  XScuGic_VectorTableEntry HandlerTable[XSCUGIC_MAX_NUM_INTR_INPUTS];/**<
                           ^~~~~~~~~~~~
"Running Make libs in ps7_cortexa9_0/libsrc/scutimer_v2_1/src"
make -C ps7_cortexa9_0/libsrc/scutimer_v2_1/src -s libs  "SHELL=CMD" "COMPILER=arm-none-eabi-gcc" "ARCHIVER=arm-none-eabi-ar" "COMPILER_FLAGS=  -O2 -c" "EXTRA_COMPILER_FLAGS=-mcpu=cortex-a9 -mfpu=vfpv3 -mfloat-abi=hard -nostartfiles -Wall -Wextra"
"Compiling scutimer"
"Running Make libs in ps7_cortexa9_0/libsrc/scuwdt_v2_1/src"
make -C ps7_cortexa9_0/libsrc/scuwdt_v2_1/src -s libs  "SHELL=CMD" "COMPILER=arm-none-eabi-gcc" "ARCHIVER=arm-none-eabi-ar" "COMPILER_FLAGS=  -O2 -c" "EXTRA_COMPILER_FLAGS=-mcpu=cortex-a9 -mfpu=vfpv3 -mfloat-abi=hard -nostartfiles -Wall -Wextra"
"Compiling scuwdt"
"Running Make libs in ps7_cortexa9_0/libsrc/sdps_v3_2/src"
make -C ps7_cortexa9_0/libsrc/sdps_v3_2/src -s libs  "SHELL=CMD" "COMPILER=arm-none-eabi-gcc" "ARCHIVER=arm-none-eabi-ar" "COMPILER_FLAGS=  -O2 -c" "EXTRA_COMPILER_FLAGS=-mcpu=cortex-a9 -mfpu=vfpv3 -mfloat-abi=hard -nostartfiles -Wall -Wextra"
"Compiling sdps"
"Running Make libs in ps7_cortexa9_0/libsrc/standalone_v6_3/src"
make -C ps7_cortexa9_0/libsrc/standalone_v6_3/src -s libs  "SHELL=CMD" "COMPILER=arm-none-eabi-gcc" "ARCHIVER=arm-none-eabi-ar" "COMPILER_FLAGS=  -O2 -c" "EXTRA_COMPILER_FLAGS=-mcpu=cortex-a9 -mfpu=vfpv3 -mfloat-abi=hard -nostartfiles -Wall -Wextra"
"Compiling standalone"
"Running Make libs in ps7_cortexa9_0/libsrc/ttcps_v3_3/src"
make -C ps7_cortexa9_0/libsrc/ttcps_v3_3/src -s libs  "SHELL=CMD" "COMPILER=arm-none-eabi-gcc" "ARCHIVER=arm-none-eabi-ar" "COMPILER_FLAGS=  -O2 -c" "EXTRA_COMPILER_FLAGS=-mcpu=cortex-a9 -mfpu=vfpv3 -mfloat-abi=hard -nostartfiles -Wall -Wextra"
"Compiling ttcps"
"Running Make libs in ps7_cortexa9_0/libsrc/uartps_v3_4/src"
make -C ps7_cortexa9_0/libsrc/uartps_v3_4/src -s libs  "SHELL=CMD" "COMPILER=arm-none-eabi-gcc" "ARCHIVER=arm-none-eabi-ar" "COMPILER_FLAGS=  -O2 -c" "EXTRA_COMPILER_FLAGS=-mcpu=cortex-a9 -mfpu=vfpv3 -mfloat-abi=hard -nostartfiles -Wall -Wextra"
"Compiling uartps"
"Running Make libs in ps7_cortexa9_0/libsrc/usbps_v2_4/src"
make -C ps7_cortexa9_0/libsrc/usbps_v2_4/src -s libs  "SHELL=CMD" "COMPILER=arm-none-eabi-gcc" "ARCHIVER=arm-none-eabi-ar" "COMPILER_FLAGS=  -O2 -c" "EXTRA_COMPILER_FLAGS=-mcpu=cortex-a9 -mfpu=vfpv3 -mfloat-abi=hard -nostartfiles -Wall -Wextra"
"Compiling usbps"
"Running Make libs in ps7_cortexa9_0/libsrc/xadcps_v2_2/src"
make -C ps7_cortexa9_0/libsrc/xadcps_v2_2/src -s libs  "SHELL=CMD" "COMPILER=arm-none-eabi-gcc" "ARCHIVER=arm-none-eabi-ar" "COMPILER_FLAGS=  -O2 -c" "EXTRA_COMPILER_FLAGS=-mcpu=cortex-a9 -mfpu=vfpv3 -mfloat-abi=hard -nostartfiles -Wall -Wextra"
"Compiling xadcps"
'Finished building libraries'
20:29:23 **** Build of configuration Debug for project console ****
make pre-build main-build 
a9-linaro-pre-build-step
' '
'Building file: ../src/helloworld.c'
'Invoking: ARM v7 gcc compiler'
arm-none-eabi-gcc -Wall -O0 -g3 -c -fmessage-length=0 -MT"src/helloworld.o" -mcpu=cortex-a9 -mfpu=vfpv3 -mfloat-abi=hard -I../../console_bsp/ps7_cortexa9_0/include -MMD -MP -MF"src/helloworld.d" -MT"src/helloworld.o" -o "src/helloworld.o" "../src/helloworld.c"
'Finished building: ../src/helloworld.c'
' '
'Building file: ../src/platform.c'
'Invoking: ARM v7 gcc compiler'
arm-none-eabi-gcc -Wall -O0 -g3 -c -fmessage-length=0 -MT"src/platform.o" -mcpu=cortex-a9 -mfpu=vfpv3 -mfloat-abi=hard -I../../console_bsp/ps7_cortexa9_0/include -MMD -MP -MF"src/platform.d" -MT"src/platform.o" -o "src/platform.o" "../src/platform.c"
'Finished building: ../src/platform.c'
' '
'Building target: console.elf'
'Invoking: ARM v7 gcc linker'
arm-none-eabi-gcc -mcpu=cortex-a9 -mfpu=vfpv3 -mfloat-abi=hard -Wl,-build-id=none -specs=Xilinx.spec -Wl,-T -Wl,../src/lscript.ld -L../../console_bsp/ps7_cortexa9_0/lib -o "console.elf"  ./src/helloworld.o ./src/platform.o   -Wl,--start-group,-lxil,-lgcc,-lc,--end-group
'Finished building target: console.elf'
' '
'Invoking: ARM v7 Print Size'
arm-none-eabi-size console.elf  |tee "console.elf.size"
   text	   data	    bss	    dec	    hex	filename
  19384	   1148	  22568	  43100	   a85c	console.elf
'Finished building: console.elf.size'
' '
20:30:31 **** Auto Build of configuration Debug for project console ****
make pre-build main-build 
a9-linaro-pre-build-step
' '
'Building file: ../src/SDcard.c'
'Invoking: ARM v7 gcc compiler'
arm-none-eabi-gcc -Wall -O0 -g3 -c -fmessage-length=0 -MT"src/SDcard.o" -mcpu=cortex-a9 -mfpu=vfpv3 -mfloat-abi=hard -I../../console_bsp/ps7_cortexa9_0/include -MMD -MP -MF"src/SDcard.d" -MT"src/SDcard.o" -o "src/SDcard.o" "../src/SDcard.c"
../src/SDcard.c:15:107: fatal error: ff.h: No such file or directory
 #include "ff.h"    // you must add the xilfss generic fat file system library in board support package !!!
                                                                                                           ^
compilation terminated.
make: *** [src/SDcard.o] Fehler 1
20:30:41 **** Auto Build of configuration Debug for project console ****
make pre-build main-build 
a9-linaro-pre-build-step
' '
'Building file: ../src/SDcard.c'
'Invoking: ARM v7 gcc compiler'
arm-none-eabi-gcc -Wall -O0 -g3 -c -fmessage-length=0 -MT"src/SDcard.o" -mcpu=cortex-a9 -mfpu=vfpv3 -mfloat-abi=hard -I../../console_bsp/ps7_cortexa9_0/include -MMD -MP -MF"src/SDcard.d" -MT"src/SDcard.o" -o "src/SDcard.o" "../src/SDcard.c"
../src/SDcard.c:15:107: fatal error: ff.h: No such file or directory
 #include "ff.h"    // you must add the xilfss generic fat file system library in board support package !!!
                                                                                                           ^
compilation terminated.
make: *** [src/SDcard.o] Fehler 1
21:13:27 **** Auto Build of configuration Debug for project console ****
make pre-build main-build 
a9-linaro-pre-build-step
' '
'Building file: ../src/SDcard.c'
'Invoking: ARM v7 gcc compiler'
arm-none-eabi-gcc -Wall -O0 -g3 -c -fmessage-length=0 -MT"src/SDcard.o" -mcpu=cortex-a9 -mfpu=vfpv3 -mfloat-abi=hard -I../../console_bsp/ps7_cortexa9_0/include -MMD -MP -MF"src/SDcard.d" -MT"src/SDcard.o" -o "src/SDcard.o" "../src/SDcard.c"
../src/SDcard.c:15:107: fatal error: ff.h: No such file or directory
 #include "ff.h"    // you must add the xilfss generic fat file system library in board support package !!!
                                                                                                           ^
compilation terminated.
make: *** [src/SDcard.o] Fehler 1
21:13:57 **** Auto Build of configuration Debug for project console ****
make pre-build main-build 
a9-linaro-pre-build-step
' '
'Building file: ../src/SDcard.c'
'Invoking: ARM v7 gcc compiler'
arm-none-eabi-gcc -Wall -O0 -g3 -c -fmessage-length=0 -MT"src/SDcard.o" -mcpu=cortex-a9 -mfpu=vfpv3 -mfloat-abi=hard -I../../console_bsp/ps7_cortexa9_0/include -MMD -MP -MF"src/SDcard.d" -MT"src/SDcard.o" -o "src/SDcard.o" "../src/SDcard.c"
../src/SDcard.c:15:107: fatal error: ff.h: No such file or directory
 #include "ff.h"    // you must add the xilfss generic fat file system library in board support package !!!
                                                                                                           ^
compilation terminated.
make: *** [src/SDcard.o] Fehler 1
21:15:04 **** Auto Build of configuration Debug for project console ****
make pre-build main-build 
a9-linaro-pre-build-step
' '
'Building file: ../src/SDcard.c'
'Invoking: ARM v7 gcc compiler'
arm-none-eabi-gcc -Wall -O0 -g3 -c -fmessage-length=0 -MT"src/SDcard.o" -mcpu=cortex-a9 -mfpu=vfpv3 -mfloat-abi=hard -I../../console_bsp/ps7_cortexa9_0/include -MMD -MP -MF"src/SDcard.d" -MT"src/SDcard.o" -o "src/SDcard.o" "../src/SDcard.c"
../src/SDcard.c:15:107: fatal error: ff.h: No such file or directory
 #include "ff.h"    // you must add the xilfss generic fat file system library in board support package !!!
                                                                                                           ^
compilation terminated.
make: *** [src/SDcard.o] Fehler 1
21:17:14 **** Auto Build of configuration Debug for project console ****
make pre-build main-build 
a9-linaro-pre-build-step
' '
'Building file: ../src/SDcard.c'
'Invoking: ARM v7 gcc compiler'
arm-none-eabi-gcc -Wall -O0 -g3 -c -fmessage-length=0 -MT"src/SDcard.o" -mcpu=cortex-a9 -mfpu=vfpv3 -mfloat-abi=hard -I../../console_bsp/ps7_cortexa9_0/include -MMD -MP -MF"src/SDcard.d" -MT"src/SDcard.o" -o "src/SDcard.o" "../src/SDcard.c"
../src/SDcard.c:15:107: fatal error: ff.h: No such file or directory
 #include "ff.h"    // you must add the xilfss generic fat file system library in board support package !!!
                                                                                                           ^
compilation terminated.
make: *** [src/SDcard.o] Fehler 1
21:17:23 **** Auto Build of configuration Debug for project console ****
make pre-build main-build 
a9-linaro-pre-build-step
' '
'Building file: ../src/SDcard.c'
'Invoking: ARM v7 gcc compiler'
arm-none-eabi-gcc -Wall -O0 -g3 -c -fmessage-length=0 -MT"src/SDcard.o" -mcpu=cortex-a9 -mfpu=vfpv3 -mfloat-abi=hard -I../../console_bsp/ps7_cortexa9_0/include -MMD -MP -MF"src/SDcard.d" -MT"src/SDcard.o" -o "src/SDcard.o" "../src/SDcard.c"
../src/SDcard.c:15:107: fatal error: ff.h: No such file or directory
 #include "ff.h"    // you must add the xilfss generic fat file system library in board support package !!!
                                                                                                           ^
compilation terminated.
make: *** [src/SDcard.o] Fehler 1
21:18:20 **** Auto Build of project console_bsp ****
make -k all 
"Running Make include in ps7_cortexa9_0/libsrc/coresightps_dcc_v1_4/src"
make -C ps7_cortexa9_0/libsrc/coresightps_dcc_v1_4/src -s include  "SHELL=CMD" "COMPILER=arm-none-eabi-gcc" "ARCHIVER=arm-none-eabi-ar" "COMPILER_FLAGS=  -O2 -c" "EXTRA_COMPILER_FLAGS=-mcpu=cortex-a9 -mfpu=vfpv3 -mfloat-abi=hard -nostartfiles -Wall -Wextra"
"Running Make include in ps7_cortexa9_0/libsrc/cpu_cortexa9_v2_4/src"
make -C ps7_cortexa9_0/libsrc/cpu_cortexa9_v2_4/src -s include  "SHELL=CMD" "COMPILER=arm-none-eabi-gcc" "ARCHIVER=arm-none-eabi-ar" "COMPILER_FLAGS=  -O2 -c" "EXTRA_COMPILER_FLAGS=-mcpu=cortex-a9 -mfpu=vfpv3 -mfloat-abi=hard -nostartfiles -Wall -Wextra"
"Running Make include in ps7_cortexa9_0/libsrc/ddrps_v1_0/src"
make -C ps7_cortexa9_0/libsrc/ddrps_v1_0/src -s include  "SHELL=CMD" "COMPILER=arm-none-eabi-gcc" "ARCHIVER=arm-none-eabi-ar" "COMPILER_FLAGS=  -O2 -c" "EXTRA_COMPILER_FLAGS=-mcpu=cortex-a9 -mfpu=vfpv3 -mfloat-abi=hard -nostartfiles -Wall -Wextra"
"Running Make include in ps7_cortexa9_0/libsrc/devcfg_v3_4/src"
make -C ps7_cortexa9_0/libsrc/devcfg_v3_4/src -s include  "SHELL=CMD" "COMPILER=arm-none-eabi-gcc" "ARCHIVER=arm-none-eabi-ar" "COMPILER_FLAGS=  -O2 -c" "EXTRA_COMPILER_FLAGS=-mcpu=cortex-a9 -mfpu=vfpv3 -mfloat-abi=hard -nostartfiles -Wall -Wextra"
"Running Make include in ps7_cortexa9_0/libsrc/dmaps_v2_3/src"
make -C ps7_cortexa9_0/libsrc/dmaps_v2_3/src -s include  "SHELL=CMD" "COMPILER=arm-none-eabi-gcc" "ARCHIVER=arm-none-eabi-ar" "COMPILER_FLAGS=  -O2 -c" "EXTRA_COMPILER_FLAGS=-mcpu=cortex-a9 -mfpu=vfpv3 -mfloat-abi=hard -nostartfiles -Wall -Wextra"
"Running Make include in ps7_cortexa9_0/libsrc/emacps_v3_4/src"
make -C ps7_cortexa9_0/libsrc/emacps_v3_4/src -s include  "SHELL=CMD" "COMPILER=arm-none-eabi-gcc" "ARCHIVER=arm-none-eabi-ar" "COMPILER_FLAGS=  -O2 -c" "EXTRA_COMPILER_FLAGS=-mcpu=cortex-a9 -mfpu=vfpv3 -mfloat-abi=hard -nostartfiles -Wall -Wextra"
"Running Make include in ps7_cortexa9_0/libsrc/gpiops_v3_3/src"
make -C ps7_cortexa9_0/libsrc/gpiops_v3_3/src -s include  "SHELL=CMD" "COMPILER=arm-none-eabi-gcc" "ARCHIVER=arm-none-eabi-ar" "COMPILER_FLAGS=  -O2 -c" "EXTRA_COMPILER_FLAGS=-mcpu=cortex-a9 -mfpu=vfpv3 -mfloat-abi=hard -nostartfiles -Wall -Wextra"
"Running Make include in ps7_cortexa9_0/libsrc/qspips_v3_3/src"
make -C ps7_cortexa9_0/libsrc/qspips_v3_3/src -s include  "SHELL=CMD" "COMPILER=arm-none-eabi-gcc" "ARCHIVER=arm-none-eabi-ar" "COMPILER_FLAGS=  -O2 -c" "EXTRA_COMPILER_FLAGS=-mcpu=cortex-a9 -mfpu=vfpv3 -mfloat-abi=hard -nostartfiles -Wall -Wextra"
"Running Make include in ps7_cortexa9_0/libsrc/scugic_v3_7/src"
make -C ps7_cortexa9_0/libsrc/scugic_v3_7/src -s include  "SHELL=CMD" "COMPILER=arm-none-eabi-gcc" "ARCHIVER=arm-none-eabi-ar" "COMPILER_FLAGS=  -O2 -c" "EXTRA_COMPILER_FLAGS=-mcpu=cortex-a9 -mfpu=vfpv3 -mfloat-abi=hard -nostartfiles -Wall -Wextra"
"Running Make include in ps7_cortexa9_0/libsrc/scutimer_v2_1/src"
make -C ps7_cortexa9_0/libsrc/scutimer_v2_1/src -s include  "SHELL=CMD" "COMPILER=arm-none-eabi-gcc" "ARCHIVER=arm-none-eabi-ar" "COMPILER_FLAGS=  -O2 -c" "EXTRA_COMPILER_FLAGS=-mcpu=cortex-a9 -mfpu=vfpv3 -mfloat-abi=hard -nostartfiles -Wall -Wextra"
"Running Make include in ps7_cortexa9_0/libsrc/scuwdt_v2_1/src"
make -C ps7_cortexa9_0/libsrc/scuwdt_v2_1/src -s include  "SHELL=CMD" "COMPILER=arm-none-eabi-gcc" "ARCHIVER=arm-none-eabi-ar" "COMPILER_FLAGS=  -O2 -c" "EXTRA_COMPILER_FLAGS=-mcpu=cortex-a9 -mfpu=vfpv3 -mfloat-abi=hard -nostartfiles -Wall -Wextra"
"Running Make include in ps7_cortexa9_0/libsrc/sdps_v3_2/src"
make -C ps7_cortexa9_0/libsrc/sdps_v3_2/src -s include  "SHELL=CMD" "COMPILER=arm-none-eabi-gcc" "ARCHIVER=arm-none-eabi-ar" "COMPILER_FLAGS=  -O2 -c" "EXTRA_COMPILER_FLAGS=-mcpu=cortex-a9 -mfpu=vfpv3 -mfloat-abi=hard -nostartfiles -Wall -Wextra"
"Running Make include in ps7_cortexa9_0/libsrc/standalone_v6_3/src"
make -C ps7_cortexa9_0/libsrc/standalone_v6_3/src -s include  "SHELL=CMD" "COMPILER=arm-none-eabi-gcc" "ARCHIVER=arm-none-eabi-ar" "COMPILER_FLAGS=  -O2 -c" "EXTRA_COMPILER_FLAGS=-mcpu=cortex-a9 -mfpu=vfpv3 -mfloat-abi=hard -nostartfiles -Wall -Wextra"
"Running Make include in ps7_cortexa9_0/libsrc/ttcps_v3_3/src"
make -C ps7_cortexa9_0/libsrc/ttcps_v3_3/src -s include  "SHELL=CMD" "COMPILER=arm-none-eabi-gcc" "ARCHIVER=arm-none-eabi-ar" "COMPILER_FLAGS=  -O2 -c" "EXTRA_COMPILER_FLAGS=-mcpu=cortex-a9 -mfpu=vfpv3 -mfloat-abi=hard -nostartfiles -Wall -Wextra"
"Running Make include in ps7_cortexa9_0/libsrc/uartps_v3_4/src"
make -C ps7_cortexa9_0/libsrc/uartps_v3_4/src -s include  "SHELL=CMD" "COMPILER=arm-none-eabi-gcc" "ARCHIVER=arm-none-eabi-ar" "COMPILER_FLAGS=  -O2 -c" "EXTRA_COMPILER_FLAGS=-mcpu=cortex-a9 -mfpu=vfpv3 -mfloat-abi=hard -nostartfiles -Wall -Wextra"
"Running Make include in ps7_cortexa9_0/libsrc/usbps_v2_4/src"
make -C ps7_cortexa9_0/libsrc/usbps_v2_4/src -s include  "SHELL=CMD" "COMPILER=arm-none-eabi-gcc" "ARCHIVER=arm-none-eabi-ar" "COMPILER_FLAGS=  -O2 -c" "EXTRA_COMPILER_FLAGS=-mcpu=cortex-a9 -mfpu=vfpv3 -mfloat-abi=hard -nostartfiles -Wall -Wextra"
"Running Make include in ps7_cortexa9_0/libsrc/xadcps_v2_2/src"
make -C ps7_cortexa9_0/libsrc/xadcps_v2_2/src -s include  "SHELL=CMD" "COMPILER=arm-none-eabi-gcc" "ARCHIVER=arm-none-eabi-ar" "COMPILER_FLAGS=  -O2 -c" "EXTRA_COMPILER_FLAGS=-mcpu=cortex-a9 -mfpu=vfpv3 -mfloat-abi=hard -nostartfiles -Wall -Wextra"
"Running Make include in ps7_cortexa9_0/libsrc/xilffs_v3_6/src"
make -C ps7_cortexa9_0/libsrc/xilffs_v3_6/src -s include  "SHELL=CMD" "COMPILER=arm-none-eabi-gcc" "ARCHIVER=arm-none-eabi-ar" "COMPILER_FLAGS=  -O2 -c" "EXTRA_COMPILER_FLAGS=-mcpu=cortex-a9 -mfpu=vfpv3 -mfloat-abi=hard -nostartfiles -Wall -Wextra"
"Running Make libs in ps7_cortexa9_0/libsrc/coresightps_dcc_v1_4/src"
make -C ps7_cortexa9_0/libsrc/coresightps_dcc_v1_4/src -s libs  "SHELL=CMD" "COMPILER=arm-none-eabi-gcc" "ARCHIVER=arm-none-eabi-ar" "COMPILER_FLAGS=  -O2 -c" "EXTRA_COMPILER_FLAGS=-mcpu=cortex-a9 -mfpu=vfpv3 -mfloat-abi=hard -nostartfiles -Wall -Wextra"
"Compiling coresightps_dcc"
arm-none-eabi-ar: creating ../../../lib/libxil.a
"Running Make libs in ps7_cortexa9_0/libsrc/cpu_cortexa9_v2_4/src"
make -C ps7_cortexa9_0/libsrc/cpu_cortexa9_v2_4/src -s libs  "SHELL=CMD" "COMPILER=arm-none-eabi-gcc" "ARCHIVER=arm-none-eabi-ar" "COMPILER_FLAGS=  -O2 -c" "EXTRA_COMPILER_FLAGS=-mcpu=cortex-a9 -mfpu=vfpv3 -mfloat-abi=hard -nostartfiles -Wall -Wextra"
"Compiling cpu_cortexa9"
"Running Make libs in ps7_cortexa9_0/libsrc/ddrps_v1_0/src"
make -C ps7_cortexa9_0/libsrc/ddrps_v1_0/src -s libs  "SHELL=CMD" "COMPILER=arm-none-eabi-gcc" "ARCHIVER=arm-none-eabi-ar" "COMPILER_FLAGS=  -O2 -c" "EXTRA_COMPILER_FLAGS=-mcpu=cortex-a9 -mfpu=vfpv3 -mfloat-abi=hard -nostartfiles -Wall -Wextra"
"Compiling ddrps"
"Running Make libs in ps7_cortexa9_0/libsrc/devcfg_v3_4/src"
make -C ps7_cortexa9_0/libsrc/devcfg_v3_4/src -s libs  "SHELL=CMD" "COMPILER=arm-none-eabi-gcc" "ARCHIVER=arm-none-eabi-ar" "COMPILER_FLAGS=  -O2 -c" "EXTRA_COMPILER_FLAGS=-mcpu=cortex-a9 -mfpu=vfpv3 -mfloat-abi=hard -nostartfiles -Wall -Wextra"
"Compiling devcfg"
"Running Make libs in ps7_cortexa9_0/libsrc/dmaps_v2_3/src"
make -C ps7_cortexa9_0/libsrc/dmaps_v2_3/src -s libs  "SHELL=CMD" "COMPILER=arm-none-eabi-gcc" "ARCHIVER=arm-none-eabi-ar" "COMPILER_FLAGS=  -O2 -c" "EXTRA_COMPILER_FLAGS=-mcpu=cortex-a9 -mfpu=vfpv3 -mfloat-abi=hard -nostartfiles -Wall -Wextra"
"Compiling dmaps"
"Running Make libs in ps7_cortexa9_0/libsrc/emacps_v3_4/src"
make -C ps7_cortexa9_0/libsrc/emacps_v3_4/src -s libs  "SHELL=CMD" "COMPILER=arm-none-eabi-gcc" "ARCHIVER=arm-none-eabi-ar" "COMPILER_FLAGS=  -O2 -c" "EXTRA_COMPILER_FLAGS=-mcpu=cortex-a9 -mfpu=vfpv3 -mfloat-abi=hard -nostartfiles -Wall -Wextra"
"Compiling emacps"
"Running Make libs in ps7_cortexa9_0/libsrc/gpiops_v3_3/src"
make -C ps7_cortexa9_0/libsrc/gpiops_v3_3/src -s libs  "SHELL=CMD" "COMPILER=arm-none-eabi-gcc" "ARCHIVER=arm-none-eabi-ar" "COMPILER_FLAGS=  -O2 -c" "EXTRA_COMPILER_FLAGS=-mcpu=cortex-a9 -mfpu=vfpv3 -mfloat-abi=hard -nostartfiles -Wall -Wextra"
"Compiling gpiops"
"Running Make libs in ps7_cortexa9_0/libsrc/qspips_v3_3/src"
make -C ps7_cortexa9_0/libsrc/qspips_v3_3/src -s libs  "SHELL=CMD" "COMPILER=arm-none-eabi-gcc" "ARCHIVER=arm-none-eabi-ar" "COMPILER_FLAGS=  -O2 -c" "EXTRA_COMPILER_FLAGS=-mcpu=cortex-a9 -mfpu=vfpv3 -mfloat-abi=hard -nostartfiles -Wall -Wextra"
"Compiling qspips"
"Running Make libs in ps7_cortexa9_0/libsrc/scugic_v3_7/src"
make -C ps7_cortexa9_0/libsrc/scugic_v3_7/src -s libs  "SHELL=CMD" "COMPILER=arm-none-eabi-gcc" "ARCHIVER=arm-none-eabi-ar" "COMPILER_FLAGS=  -O2 -c" "EXTRA_COMPILER_FLAGS=-mcpu=cortex-a9 -mfpu=vfpv3 -mfloat-abi=hard -nostartfiles -Wall -Wextra"
"Compiling scugic"
xscugic_g.c:53:2: warning: missing initializer for field 'HandlerTable' of 'XScuGic_Config {aka struct <anonymous>}' [-Wmissing-field-initializers]
  }
  ^
In file included from xscugic_g.c:41:0:
xscugic.h:218:27: note: 'HandlerTable' declared here
  XScuGic_VectorTableEntry HandlerTable[XSCUGIC_MAX_NUM_INTR_INPUTS];/**<
                           ^~~~~~~~~~~~
"Running Make libs in ps7_cortexa9_0/libsrc/scutimer_v2_1/src"
make -C ps7_cortexa9_0/libsrc/scutimer_v2_1/src -s libs  "SHELL=CMD" "COMPILER=arm-none-eabi-gcc" "ARCHIVER=arm-none-eabi-ar" "COMPILER_FLAGS=  -O2 -c" "EXTRA_COMPILER_FLAGS=-mcpu=cortex-a9 -mfpu=vfpv3 -mfloat-abi=hard -nostartfiles -Wall -Wextra"
"Compiling scutimer"
"Running Make libs in ps7_cortexa9_0/libsrc/scuwdt_v2_1/src"
make -C ps7_cortexa9_0/libsrc/scuwdt_v2_1/src -s libs  "SHELL=CMD" "COMPILER=arm-none-eabi-gcc" "ARCHIVER=arm-none-eabi-ar" "COMPILER_FLAGS=  -O2 -c" "EXTRA_COMPILER_FLAGS=-mcpu=cortex-a9 -mfpu=vfpv3 -mfloat-abi=hard -nostartfiles -Wall -Wextra"
"Compiling scuwdt"
"Running Make libs in ps7_cortexa9_0/libsrc/sdps_v3_2/src"
make -C ps7_cortexa9_0/libsrc/sdps_v3_2/src -s libs  "SHELL=CMD" "COMPILER=arm-none-eabi-gcc" "ARCHIVER=arm-none-eabi-ar" "COMPILER_FLAGS=  -O2 -c" "EXTRA_COMPILER_FLAGS=-mcpu=cortex-a9 -mfpu=vfpv3 -mfloat-abi=hard -nostartfiles -Wall -Wextra"
"Compiling sdps"
"Running Make libs in ps7_cortexa9_0/libsrc/standalone_v6_3/src"
make -C ps7_cortexa9_0/libsrc/standalone_v6_3/src -s libs  "SHELL=CMD" "COMPILER=arm-none-eabi-gcc" "ARCHIVER=arm-none-eabi-ar" "COMPILER_FLAGS=  -O2 -c" "EXTRA_COMPILER_FLAGS=-mcpu=cortex-a9 -mfpu=vfpv3 -mfloat-abi=hard -nostartfiles -Wall -Wextra"
"Compiling standalone"
"Running Make libs in ps7_cortexa9_0/libsrc/ttcps_v3_3/src"
make -C ps7_cortexa9_0/libsrc/ttcps_v3_3/src -s libs  "SHELL=CMD" "COMPILER=arm-none-eabi-gcc" "ARCHIVER=arm-none-eabi-ar" "COMPILER_FLAGS=  -O2 -c" "EXTRA_COMPILER_FLAGS=-mcpu=cortex-a9 -mfpu=vfpv3 -mfloat-abi=hard -nostartfiles -Wall -Wextra"
"Compiling ttcps"
"Running Make libs in ps7_cortexa9_0/libsrc/uartps_v3_4/src"
make -C ps7_cortexa9_0/libsrc/uartps_v3_4/src -s libs  "SHELL=CMD" "COMPILER=arm-none-eabi-gcc" "ARCHIVER=arm-none-eabi-ar" "COMPILER_FLAGS=  -O2 -c" "EXTRA_COMPILER_FLAGS=-mcpu=cortex-a9 -mfpu=vfpv3 -mfloat-abi=hard -nostartfiles -Wall -Wextra"
"Compiling uartps"
"Running Make libs in ps7_cortexa9_0/libsrc/usbps_v2_4/src"
make -C ps7_cortexa9_0/libsrc/usbps_v2_4/src -s libs  "SHELL=CMD" "COMPILER=arm-none-eabi-gcc" "ARCHIVER=arm-none-eabi-ar" "COMPILER_FLAGS=  -O2 -c" "EXTRA_COMPILER_FLAGS=-mcpu=cortex-a9 -mfpu=vfpv3 -mfloat-abi=hard -nostartfiles -Wall -Wextra"
"Compiling usbps"
"Running Make libs in ps7_cortexa9_0/libsrc/xadcps_v2_2/src"
make -C ps7_cortexa9_0/libsrc/xadcps_v2_2/src -s libs  "SHELL=CMD" "COMPILER=arm-none-eabi-gcc" "ARCHIVER=arm-none-eabi-ar" "COMPILER_FLAGS=  -O2 -c" "EXTRA_COMPILER_FLAGS=-mcpu=cortex-a9 -mfpu=vfpv3 -mfloat-abi=hard -nostartfiles -Wall -Wextra"
"Compiling xadcps"
"Running Make libs in ps7_cortexa9_0/libsrc/xilffs_v3_6/src"
make -C ps7_cortexa9_0/libsrc/xilffs_v3_6/src -s libs  "SHELL=CMD" "COMPILER=arm-none-eabi-gcc" "ARCHIVER=arm-none-eabi-ar" "COMPILER_FLAGS=  -O2 -c" "EXTRA_COMPILER_FLAGS=-mcpu=cortex-a9 -mfpu=vfpv3 -mfloat-abi=hard -nostartfiles -Wall -Wextra"
"Compiling XilFFs Library"
diskio.c:135:11: warning: 'ExtCsd' defined but not used [-Wunused-variable]
 static u8 ExtCsd[512] __attribute__ ((aligned(32)));
           ^~~~~~
ff.c: In function 'find_volume':
ff.c:2610:4: warning: dereferencing type-punned pointer will break strict-aliasing rules [-Wstrict-aliasing]
    && (LD_DWORD(fs->win+FSI_LeadSig) == 0x41615252U)
    ^~
'Finished building libraries'
21:18:43 **** Clean-only build of configuration Debug for project console ****
make clean 
rm -rf  ./src/SDcard.o ./src/apps.o ./src/audio.o ./src/cmd.o ./src/config_rtc.o ./src/console_main.o ./src/helloworld.o ./src/platform.o ./src/rtc_hal.o ./src/temp.o ./src/uart.o ./src/vga.o  ./src/SDcard.d ./src/apps.d ./src/audio.d ./src/cmd.d ./src/config_rtc.d ./src/console_main.d ./src/helloworld.d ./src/platform.d ./src/rtc_hal.d ./src/temp.d ./src/uart.d ./src/vga.d  console.elf.size  console.elf
' '
21:18:44 **** Auto Build of configuration Debug for project console ****
make pre-build main-build 
a9-linaro-pre-build-step
' '
'Building file: ../src/SDcard.c'
'Invoking: ARM v7 gcc compiler'
arm-none-eabi-gcc -Wall -O0 -g3 -c -fmessage-length=0 -MT"src/SDcard.o" -mcpu=cortex-a9 -mfpu=vfpv3 -mfloat-abi=hard -I../../console_bsp/ps7_cortexa9_0/include -MMD -MP -MF"src/SDcard.d" -MT"src/SDcard.o" -o "src/SDcard.o" "../src/SDcard.c"
../src/SDcard.c: In function 'Bitmap2Buffer':
../src/SDcard.c:156:42: warning: pointer targets in passing argument 4 of 'f_read' differ in signedness [-Wpointer-sign]
  result = f_read(&fileBMP,hdrBuffer+2,54,&bytes_read);
                                          ^
In file included from ../src/SDcard.c:15:0:
../../console_bsp/ps7_cortexa9_0/include/ff.h:223:9: note: expected 'UINT * {aka unsigned int *}' but argument is of type 'int *'
 FRESULT f_read (FIL* fp, void* buff, UINT btr, UINT* br);   /* Read data from a file */
         ^~~~~~
../src/SDcard.c:179:48: warning: pointer targets in passing argument 4 of 'f_read' differ in signedness [-Wpointer-sign]
     result = f_read(&fileBMP,lineBuffer,nbytes,&bytes_read);
                                                ^
In file included from ../src/SDcard.c:15:0:
../../console_bsp/ps7_cortexa9_0/include/ff.h:223:9: note: expected 'UINT * {aka unsigned int *}' but argument is of type 'int *'
 FRESULT f_read (FIL* fp, void* buff, UINT btr, UINT* br);   /* Read data from a file */
         ^~~~~~
../src/SDcard.c:136:9: warning: unused variable 'j' [-Wunused-variable]
   int i,j,k;
         ^
../src/SDcard.c: In function 'StreamFile':
../src/SDcard.c:215:11: warning: implicit declaration of function 'Config_RtcFifo' [-Wimplicit-function-declaration]
           Config_RtcFifo(0,1, fileStream->rate);  //enable FIFO
           ^~~~~~~~~~~~~~
../src/SDcard.c:221:56: warning: pointer targets in passing argument 4 of 'f_read' differ in signedness [-Wpointer-sign]
      result = f_read(&fileStream->fileID,tmpBuffer,512,&bytes_read);
                                                        ^
In file included from ../src/SDcard.c:15:0:
../../console_bsp/ps7_cortexa9_0/include/ff.h:223:9: note: expected 'UINT * {aka unsigned int *}' but argument is of type 'int *'
 FRESULT f_read (FIL* fp, void* buff, UINT btr, UINT* br);   /* Read data from a file */
         ^~~~~~
../src/SDcard.c:222:36: warning: passing argument 3 of 'ringBuffer_write' from incompatible pointer type [-Wincompatible-pointer-types]
      ringBuffer_write(&ringBuf,512,tmpBuffer);
                                    ^~~~~~~~~
../src/SDcard.c:89:5: note: expected 'char *' but argument is of type 'short int *'
 int ringBuffer_write(struct ringBuffer_struct *ringBuffer,int num, char *buffer)
     ^~~~~~~~~~~~~~~~
../src/SDcard.c:226:7: warning: implicit declaration of function 'Get_RtcFifo_TxSize' [-Wimplicit-function-declaration]
   if (Get_RtcFifo_TxSize(fileStream->channel) < 100) {
       ^~~~~~~~~~~~~~~~~~
../src/SDcard.c:227:15: warning: implicit declaration of function 'SetPMOD' [-Wimplicit-function-declaration]
    if (debug) SetPMOD(3);
               ^~~~~~~
../src/SDcard.c:230:72: warning: division by zero [-Wdiv-by-zero]
    if ((fileStream->position >= fileStream->size) || (fileStream->kill /= 0)) {
                                                                        ^~
../src/SDcard.c:238:65: warning: pointer targets in passing argument 4 of 'f_read' differ in signedness [-Wpointer-sign]
        result = f_read(&fileStream->fileID,tmpBuffer,4*NSAMPLES,&bytes_read);
                                                                 ^
In file included from ../src/SDcard.c:15:0:
../../console_bsp/ps7_cortexa9_0/include/ff.h:223:9: note: expected 'UINT * {aka unsigned int *}' but argument is of type 'int *'
 FRESULT f_read (FIL* fp, void* buff, UINT btr, UINT* br);   /* Read data from a file */
         ^~~~~~
../src/SDcard.c:241:42: warning: passing argument 3 of 'ringBuffer_read' from incompatible pointer type [-Wincompatible-pointer-types]
      ringBuffer_read(&ringBuf,4*NSAMPLES,tmpBuffer);
                                          ^~~~~~~~~
../src/SDcard.c:77:5: note: expected 'char *' but argument is of type 'short int *'
 int ringBuffer_read(struct ringBuffer_struct *ringBuffer,int num, char *buffer)
     ^~~~~~~~~~~~~~~
../src/SDcard.c:244:16: warning: implicit declaration of function 'ClearPMOD' [-Wimplicit-function-declaration]
     if (debug) ClearPMOD(4);
                ^~~~~~~~~
../src/SDcard.c:245:6: warning: implicit declaration of function 'Put_RtcFifo_Samples' [-Wimplicit-function-declaration]
      Put_RtcFifo_Samples(fileStream->channel,NSAMPLES, tmpBuffer);
      ^~~~~~~~~~~~~~~~~~~
../src/SDcard.c:200:6: warning: unused variable 'i' [-Wunused-variable]
  int i;
      ^
../src/SDcard.c: In function 'StreamFileFIFO':
../src/SDcard.c:278:50: warning: pointer targets in passing argument 4 of 'f_read' differ in signedness [-Wpointer-sign]
      result = f_read(fileID,tmpBuffer,4*NSAMPLES,&bytes_read);
                                                  ^
In file included from ../src/SDcard.c:15:0:
../../console_bsp/ps7_cortexa9_0/include/ff.h:223:9: note: expected 'UINT * {aka unsigned int *}' but argument is of type 'int *'
 FRESULT f_read (FIL* fp, void* buff, UINT btr, UINT* br);   /* Read data from a file */
         ^~~~~~
../src/SDcard.c:257:6: warning: unused variable 'i' [-Wunused-variable]
  int i,result,file_position;
      ^
../src/SDcard.c: In function 'SDReadPerf':
../src/SDcard.c:305:11: warning: 'return' with a value, in function returning void
    return -1;
           ^
../src/SDcard.c:286:6: note: declared here
 void SDReadPerf(int fileID, int blocksize,char *fname)
      ^~~~~~~~~~
../src/SDcard.c:315:25: warning: implicit declaration of function 'Get_SystemTime' [-Wimplicit-function-declaration]
       timestamp_start = Get_SystemTime();
                         ^~~~~~~~~~~~~~
../src/SDcard.c:317:8: warning: implicit declaration of function 'TogglePMOD' [-Wimplicit-function-declaration]
        TogglePMOD(0);
        ^~~~~~~~~~
../src/SDcard.c:318:53: warning: pointer targets in passing argument 4 of 'f_read' differ in signedness [-Wpointer-sign]
        result = f_read(&fileBMP,tmpBuffer,blocksize,&bytes_read);
                                                     ^
In file included from ../src/SDcard.c:15:0:
../../console_bsp/ps7_cortexa9_0/include/ff.h:223:9: note: expected 'UINT * {aka unsigned int *}' but argument is of type 'int *'
 FRESULT f_read (FIL* fp, void* buff, UINT btr, UINT* br);   /* Read data from a file */
         ^~~~~~
../src/SDcard.c:330:9: warning: 'return' with a value, in function returning void
   return(result);
         ^
../src/SDcard.c:286:6: note: declared here
 void SDReadPerf(int fileID, int blocksize,char *fname)
      ^~~~~~~~~~
../src/SDcard.c:294:48: warning: unused variable 'timestamp_delta' [-Wunused-variable]
       unsigned timestamp_start, timestamp_stop,timestamp_delta;
                                                ^~~~~~~~~~~~~~~
../src/SDcard.c:293:16: warning: unused variable 'nclocks' [-Wunused-variable]
       unsigned nclocks;
                ^~~~~~~
../src/SDcard.c: In function 'SDWritePerf':
../src/SDcard.c:351:11: warning: 'return' with a value, in function returning void
    return -1;
           ^
../src/SDcard.c:333:6: note: declared here
 void SDWritePerf(int fileID, int blocksize,int nbytes,char *fname)
      ^~~~~~~~~~~
../src/SDcard.c:378:9: warning: 'return' with a value, in function returning void
   return(result);
         ^
../src/SDcard.c:333:6: note: declared here
 void SDWritePerf(int fileID, int blocksize,int nbytes,char *fname)
      ^~~~~~~~~~~
../src/SDcard.c:343:48: warning: unused variable 'timestamp_delta' [-Wunused-variable]
       unsigned timestamp_start, timestamp_stop,timestamp_delta;
                                                ^~~~~~~~~~~~~~~
../src/SDcard.c:340:16: warning: unused variable 'nclocks' [-Wunused-variable]
       unsigned nclocks;
                ^~~~~~~
../src/SDcard.c: In function 'ringBuffer_init':
../src/SDcard.c:70:1: warning: control reaches end of non-void function [-Wreturn-type]
 }
 ^
../src/SDcard.c: In function 'ringBuffer_read':
../src/SDcard.c:87:1: warning: control reaches end of non-void function [-Wreturn-type]
 }
 ^
../src/SDcard.c: In function 'ringBuffer_write':
../src/SDcard.c:98:1: warning: control reaches end of non-void function [-Wreturn-type]
 }
 ^
../src/SDcard.c: In function 'StreamFileFIFO':
../src/SDcard.c:272:18: warning: 'file_position' may be used uninitialized in this function [-Wmaybe-uninitialized]
    file_position += NBYTES;
    ~~~~~~~~~~~~~~^~~~~~~~~
'Finished building: ../src/SDcard.c'
' '
'Building file: ../src/apps.c'
'Invoking: ARM v7 gcc compiler'
arm-none-eabi-gcc -Wall -O0 -g3 -c -fmessage-length=0 -MT"src/apps.o" -mcpu=cortex-a9 -mfpu=vfpv3 -mfloat-abi=hard -I../../console_bsp/ps7_cortexa9_0/include -MMD -MP -MF"src/apps.d" -MT"src/apps.o" -o "src/apps.o" "../src/apps.c"
../src/apps.c: In function 'App_KT':
../src/apps.c:113:5: warning: implicit declaration of function 'MapPMOD' [-Wimplicit-function-declaration]
     MapPMOD(0,0); // PMOD0 mapped to CPU
     ^~~~~~~
../src/apps.c:127:4: warning: implicit declaration of function 'SetMIO_LED' [-Wimplicit-function-declaration]
    SetMIO_LED(2);
    ^~~~~~~~~~
../src/apps.c:129:10: warning: implicit declaration of function 'CmdConsole' [-Wimplicit-function-declaration]
      if (CmdConsole(cmdString)){
          ^~~~~~~~~~
../src/apps.c:130:6: warning: implicit declaration of function 'CmdParser' [-Wimplicit-function-declaration]
      CmdParser(cmdString);
      ^~~~~~~~~
../src/apps.c:107:9: warning: unused variable 'format' [-Wunused-variable]
     int format = 0;
         ^~~~~~
../src/apps.c:106:9: warning: unused variable 'state' [-Wunused-variable]
     int state;
         ^~~~~
../src/apps.c:105:15: warning: unused variable 'wrptr' [-Wunused-variable]
     int rdptr,wrptr;
               ^~~~~
../src/apps.c:105:9: warning: unused variable 'rdptr' [-Wunused-variable]
     int rdptr,wrptr;
         ^~~~~
../src/apps.c:104:17: warning: unused variable 'NBYTES' [-Wunused-variable]
     int NPIXELS,NBYTES;
                 ^~~~~~
../src/apps.c:104:9: warning: unused variable 'NPIXELS' [-Wunused-variable]
     int NPIXELS,NBYTES;
         ^~~~~~~
../src/apps.c:103:36: warning: unused variable 'DMA_WRBUFFER8' [-Wunused-variable]
     char unsigned *DMA_RDBUFFER8, *DMA_WRBUFFER8;
                                    ^~~~~~~~~~~~~
../src/apps.c:103:20: warning: unused variable 'DMA_RDBUFFER8' [-Wunused-variable]
     char unsigned *DMA_RDBUFFER8, *DMA_WRBUFFER8;
                    ^~~~~~~~~~~~~
../src/apps.c:102:38: warning: unused variable 'DMA_WRBUFFER16' [-Wunused-variable]
     short unsigned *DMA_RDBUFFER16, *DMA_WRBUFFER16;
                                      ^~~~~~~~~~~~~~
../src/apps.c:102:21: warning: unused variable 'DMA_RDBUFFER16' [-Wunused-variable]
     short unsigned *DMA_RDBUFFER16, *DMA_WRBUFFER16;
                     ^~~~~~~~~~~~~~
../src/apps.c:101:9: warning: unused variable 'i' [-Wunused-variable]
     int i;
         ^
../src/apps.c: In function 'App_Img_Insert':
../src/apps.c:155:20: warning: pointer targets in assignment differ in signedness [-Wpointer-sign]
     DMA_RDBUFFER8  = (char *) IMAGEBUFFER;
                    ^
../src/apps.c:156:20: warning: pointer targets in assignment differ in signedness [-Wpointer-sign]
     DMA_WRBUFFER8  = (char *) IMAGEBUFFER;
                    ^
../src/apps.c:158:5: warning: implicit declaration of function 'InterruptEnable_AxiBridge' [-Wimplicit-function-declaration]
     InterruptEnable_AxiBridge(108000000); // set intr. timer: divide core clk by 108000000
     ^~~~~~~~~~~~~~~~~~~~~~~~~
../src/apps.c:160:2: warning: implicit declaration of function 'DMA_RTC_setup' [-Wimplicit-function-declaration]
  DMA_RTC_setup(DMA_RDBUFFER8,DMA_WRBUFFER8,NBYTES); //ringbuffersize in bytes
  ^~~~~~~~~~~~~
../src/apps.c:161:5: warning: implicit declaration of function 'DMA_RTC_bypass' [-Wimplicit-function-declaration]
     DMA_RTC_bypass(ON);   // bypass DMA to rtc_core
     ^~~~~~~~~~~~~~
../src/apps.c:203:7: warning: implicit declaration of function 'TogglePMOD' [-Wimplicit-function-declaration]
       TogglePMOD(1);
       ^~~~~~~~~~
../src/apps.c:210:7: warning: implicit declaration of function 'SetPMOD' [-Wimplicit-function-declaration]
       SetPMOD(0);
       ^~~~~~~
../src/apps.c:211:4: warning: implicit declaration of function 'SetDisplay' [-Wimplicit-function-declaration]
    SetDisplay(axi_cnt++,0);
    ^~~~~~~~~~
../src/apps.c:212:8: warning: implicit declaration of function 'ClearPMOD' [-Wimplicit-function-declaration]
        ClearPMOD(0);
        ^~~~~~~~~
../src/apps.c:147:9: warning: unused variable 'state' [-Wunused-variable]
     int state;
         ^~~~~
../src/apps.c:146:15: warning: unused variable 'wrptr' [-Wunused-variable]
     int rdptr,wrptr;
               ^~~~~
../src/apps.c:146:9: warning: unused variable 'rdptr' [-Wunused-variable]
     int rdptr,wrptr;
         ^~~~~
../src/apps.c:143:38: warning: variable 'DMA_WRBUFFER16' set but not used [-Wunused-but-set-variable]
     short unsigned *DMA_RDBUFFER16, *DMA_WRBUFFER16;
                                      ^~~~~~~~~~~~~~
../src/apps.c: In function 'App_Dma_Math1':
../src/apps.c:247:5: warning: implicit declaration of function 'DMA_RTC_rd_enable' [-Wimplicit-function-declaration]
     DMA_RTC_rd_enable(ON);
     ^~~~~~~~~~~~~~~~~
../src/apps.c:248:5: warning: implicit declaration of function 'DMA_RTC_wr_enable' [-Wimplicit-function-declaration]
     DMA_RTC_wr_enable(ON);
     ^~~~~~~~~~~~~~~~~
../src/apps.c:249:5: warning: implicit declaration of function 'DMA_RTC_mux_enable' [-Wimplicit-function-declaration]
     DMA_RTC_mux_enable(OFF);
     ^~~~~~~~~~~~~~~~~~
../src/apps.c:278:7: warning: implicit declaration of function 'DMA_start' [-Wimplicit-function-declaration]
       DMA_start(30);
       ^~~~~~~~~
../src/apps.c:285:17: warning: implicit declaration of function 'DMA_status' [-Wimplicit-function-declaration]
             if (DMA_status() == 0) {
                 ^~~~~~~~~~
../src/apps.c:230:15: warning: unused variable 'wrptr' [-Wunused-variable]
     int rdptr,wrptr;
               ^~~~~
../src/apps.c:230:9: warning: unused variable 'rdptr' [-Wunused-variable]
     int rdptr,wrptr;
         ^~~~~
../src/apps.c: At top level:
../src/apps.c:314:1: warning: return type defaults to 'int' [-Wimplicit-int]
 App_DmaWriteRead()
 ^~~~~~~~~~~~~~~~
../src/apps.c:314:1: warning: conflicting types for 'App_DmaWriteRead'
../src/apps.c:90:6: note: previous declaration of 'App_DmaWriteRead' was here
 void App_DmaWriteRead();
      ^~~~~~~~~~~~~~~~
../src/apps.c: In function 'App_DmaWriteRead':
../src/apps.c:332:5: warning: implicit declaration of function 'RTC_SwitchPort' [-Wimplicit-function-declaration]
     RTC_SwitchPort(4,2); // port 4 output connected to port 2 input
     ^~~~~~~~~~~~~~
../src/apps.c:338:5: warning: implicit declaration of function 'DMA_RTC_samplerate' [-Wimplicit-function-declaration]
     DMA_RTC_samplerate(16000000);
     ^~~~~~~~~~~~~~~~~~
../src/apps.c:344:5: warning: implicit declaration of function 'RTC_audioIN_testpattern' [-Wimplicit-function-declaration]
     RTC_audioIN_testpattern(ON,ON);  // turn  Audio IN R and L channel testpattern ON
     ^~~~~~~~~~~~~~~~~~~~~~~
../src/apps.c:370:24: warning: implicit declaration of function 'DMA_GetRdRingbuPtr' [-Wimplicit-function-declaration]
                rdptr = DMA_GetRdRingbuPtr();
                        ^~~~~~~~~~~~~~~~~~
../src/apps.c:320:15: warning: unused variable 'wrptr' [-Wunused-variable]
     int rdptr,wrptr;
               ^~~~~
../src/apps.c: In function 'App_DmaSdWrite':
../src/apps.c:491:24: warning: implicit declaration of function 'DMA_GetWrRingbuPtr' [-Wimplicit-function-declaration]
                wrptr = DMA_GetWrRingbuPtr();
                        ^~~~~~~~~~~~~~~~~~
../src/apps.c:500:71: warning: pointer targets in passing argument 4 of 'f_write' differ in signedness [-Wpointer-sign]
                   result = f_write(&fp,DMA_WRBUFFER+NBYTES/2,NBYTES/2,&bytes_written);
                                                                       ^
In file included from ../src/apps.c:22:0:
../../console_bsp/ps7_cortexa9_0/include/ff.h:224:9: note: expected 'UINT * {aka unsigned int *}' but argument is of type 'int *'
 FRESULT f_write (FIL* fp, const void* buff, UINT btw, UINT* bw); /* Write data to a file */
         ^~~~~~~
../src/apps.c:521:62: warning: pointer targets in passing argument 4 of 'f_write' differ in signedness [-Wpointer-sign]
                   result = f_write(&fp,DMA_WRBUFFER,NBYTES/2,&bytes_written);
                                                              ^
In file included from ../src/apps.c:22:0:
../../console_bsp/ps7_cortexa9_0/include/ff.h:224:9: note: expected 'UINT * {aka unsigned int *}' but argument is of type 'int *'
 FRESULT f_write (FIL* fp, const void* buff, UINT btw, UINT* bw); /* Write data to a file */
         ^~~~~~~
../src/apps.c:425:9: warning: unused variable 'rdptr' [-Wunused-variable]
     int rdptr,wrptr;
         ^~~~~
../src/apps.c: In function 'App_DmaMux_SdWrite':
../src/apps.c:631:71: warning: pointer targets in passing argument 4 of 'f_write' differ in signedness [-Wpointer-sign]
                   result = f_write(&fp,DMA_WRBUFFER+NBYTES/2,NBYTES/2,&bytes_written);
                                                                       ^
In file included from ../src/apps.c:22:0:
../../console_bsp/ps7_cortexa9_0/include/ff.h:224:9: note: expected 'UINT * {aka unsigned int *}' but argument is of type 'int *'
 FRESULT f_write (FIL* fp, const void* buff, UINT btw, UINT* bw); /* Write data to a file */
         ^~~~~~~
../src/apps.c:650:62: warning: pointer targets in passing argument 4 of 'f_write' differ in signedness [-Wpointer-sign]
                   result = f_write(&fp,DMA_WRBUFFER,NBYTES/2,&bytes_written);
                                                              ^
In file included from ../src/apps.c:22:0:
../../console_bsp/ps7_cortexa9_0/include/ff.h:224:9: note: expected 'UINT * {aka unsigned int *}' but argument is of type 'int *'
 FRESULT f_write (FIL* fp, const void* buff, UINT btw, UINT* bw); /* Write data to a file */
         ^~~~~~~
../src/apps.c:560:9: warning: unused variable 'rdptr' [-Wunused-variable]
     int rdptr,wrptr;
         ^~~~~
../src/apps.c: In function 'App_DmaMux_SdRead':
../src/apps.c:729:51: warning: pointer targets in passing argument 4 of 'f_read' differ in signedness [-Wpointer-sign]
              result = f_read(&fp,DMABUFFER,NBYTES,&bytes_read); // load complete dma buffer
                                                   ^
In file included from ../src/apps.c:22:0:
../../console_bsp/ps7_cortexa9_0/include/ff.h:223:9: note: expected 'UINT * {aka unsigned int *}' but argument is of type 'int *'
 FRESULT f_read (FIL* fp, void* buff, UINT btr, UINT* br);   /* Read data from a file */
         ^~~~~~
../src/apps.c:739:62: warning: pointer targets in passing argument 4 of 'f_read' differ in signedness [-Wpointer-sign]
              result = f_read(&fp,DMABUFFER+NBYTES/2,NBYTES/2,&bytes_read);
                                                              ^
In file included from ../src/apps.c:22:0:
../../console_bsp/ps7_cortexa9_0/include/ff.h:223:9: note: expected 'UINT * {aka unsigned int *}' but argument is of type 'int *'
 FRESULT f_read (FIL* fp, void* buff, UINT btr, UINT* br);   /* Read data from a file */
         ^~~~~~
../src/apps.c:751:55: warning: pointer targets in passing argument 4 of 'f_read' differ in signedness [-Wpointer-sign]
                result = f_read(&fp,DMABUFFER,NBYTES/2,&bytes_read);
                                                       ^
In file included from ../src/apps.c:22:0:
../../console_bsp/ps7_cortexa9_0/include/ff.h:223:9: note: expected 'UINT * {aka unsigned int *}' but argument is of type 'int *'
 FRESULT f_read (FIL* fp, void* buff, UINT btr, UINT* br);   /* Read data from a file */
         ^~~~~~
../src/apps.c: In function 'App_DmaMux_Sinewave':
../src/apps.c:880:10: warning: implicit declaration of function 'Sinewave_Generate' [-Wimplicit-function-declaration]
          Sinewave_Generate(delta_phi,DMABUFFER,NSAMPLES);
          ^~~~~~~~~~~~~~~~~
../src/apps.c:845:9: warning: unused variable 'bytes_read' [-Wunused-variable]
     int bytes_read;
         ^~~~~~~~~~
../src/apps.c:843:9: warning: unused variable 'result' [-Wunused-variable]
     int result;
         ^~~~~~
../src/apps.c:842:9: warning: unused variable 'fp' [-Wunused-variable]
     FIL fp;
         ^~
../src/apps.c:841:10: warning: unused variable 'fname' [-Wunused-variable]
     char fname[15];
          ^~~~~
../src/apps.c: In function 'App_SDReadPerf':
../src/apps.c:1002:10: warning: implicit declaration of function 'SDReadPerf' [-Wimplicit-function-declaration]
          SDReadPerf(fileID,blocksize,fname);
          ^~~~~~~~~~
../src/apps.c: In function 'App_SDWritePerf':
../src/apps.c:1032:10: warning: implicit declaration of function 'SDWritePerf' [-Wimplicit-function-declaration]
          SDWritePerf(fileID,blocksize,filesize,fname);
          ^~~~~~~~~~~
../src/apps.c: In function 'App_StreamFromSD':
../src/apps.c:1064:2: warning: implicit declaration of function 'Config_RtcFifo' [-Wimplicit-function-declaration]
  Config_RtcFifo(channel,0, rate); // fifo mode = off
  ^~~~~~~~~~~~~~
../src/apps.c:1070:9: warning: implicit declaration of function 'StreamFile' [-Wimplicit-function-declaration]
         StreamFile(&fileStream,debug_mode);
         ^~~~~~~~~~
../src/apps.c: In function 'App_Default':
../src/apps.c:1110:13: warning: implicit declaration of function 'GetButtons' [-Wimplicit-function-declaration]
         if (GetButtons() & 0x01) {
             ^~~~~~~~~~
../src/apps.c:1136:17: warning: implicit declaration of function 'GetSliders' [-Wimplicit-function-declaration]
     audiomode = GetSliders();
                 ^~~~~~~~~~
../src/apps.c:1137:5: warning: implicit declaration of function 'SetLEDs' [-Wimplicit-function-declaration]
     SetLEDs(audiomode);
     ^~~~~~~
../src/apps.c:1138:5: warning: implicit declaration of function 'Audio_Process' [-Wimplicit-function-declaration]
     Audio_Process(audiomode);
     ^~~~~~~~~~~~~
../src/apps.c:1163:28: warning: implicit declaration of function 'GetProfiler' [-Wimplicit-function-declaration]
    profiler_timestamp[0] = GetProfiler(0);
                            ^~~~~~~~~~~
../src/apps.c:1100:11: warning: unused variable 'y' [-Wunused-variable]
     int x,y;
           ^
../src/apps.c:1100:9: warning: unused variable 'x' [-Wunused-variable]
     int x,y;
         ^
../src/apps.c:1095:8: warning: unused variable 'j' [-Wunused-variable]
  int i,j;
        ^
../src/apps.c: At top level:
../src/apps.c:1177:6: warning: conflicting types for 'Sinewave_Generate'
 void Sinewave_Generate(double delta_phi,struct iqsig_buf_struct *buffer,int nsamples)
      ^~~~~~~~~~~~~~~~~
../src/apps.c:880:10: note: previous implicit declaration of 'Sinewave_Generate' was here
          Sinewave_Generate(delta_phi,DMABUFFER,NSAMPLES);
          ^~~~~~~~~~~~~~~~~
'Finished building: ../src/apps.c'
' '
'Building file: ../src/audio.c'
'Invoking: ARM v7 gcc compiler'
arm-none-eabi-gcc -Wall -O0 -g3 -c -fmessage-length=0 -MT"src/audio.o" -mcpu=cortex-a9 -mfpu=vfpv3 -mfloat-abi=hard -I../../console_bsp/ps7_cortexa9_0/include -MMD -MP -MF"src/audio.d" -MT"src/audio.o" -o "src/audio.o" "../src/audio.c"
../src/audio.c:30:8: warning: type defaults to 'int' in declaration of 'audio_state' [-Wimplicit-int]
 static audio_state = 0;
        ^~~~~~~~~~~
../src/audio.c: In function 'Audio_Process':
../src/audio.c:36:11: warning: implicit declaration of function 'Config_RtcFifo' [-Wimplicit-function-declaration]
           Config_RtcFifo(0,1, 40000);
           ^~~~~~~~~~~~~~
../src/audio.c:38:5: warning: implicit declaration of function 'Audio_SamplesAverage' [-Wimplicit-function-declaration]
     Audio_SamplesAverage(10,&audio_state);
     ^~~~~~~~~~~~~~~~~~~~
../src/audio.c:43:11: warning: implicit declaration of function 'Audio_AddEcho' [-Wimplicit-function-declaration]
           Audio_AddEcho(N_DELAY,&audio_state);
           ^~~~~~~~~~~~~
../src/audio.c:48:11: warning: implicit declaration of function 'Audio_FIFO_Test1' [-Wimplicit-function-declaration]
           Audio_FIFO_Test1(&audio_state);
           ^~~~~~~~~~~~~~~~
../src/audio.c: At top level:
../src/audio.c:58:6: warning: conflicting types for 'Audio_AddEcho'
 void Audio_AddEcho(unsigned delay, int *state)
      ^~~~~~~~~~~~~
../src/audio.c:43:11: note: previous implicit declaration of 'Audio_AddEcho' was here
           Audio_AddEcho(N_DELAY,&audio_state);
           ^~~~~~~~~~~~~
../src/audio.c: In function 'Audio_AddEcho':
../src/audio.c:65:4: warning: implicit declaration of function 'Get_RtcFifo_Samples' [-Wimplicit-function-declaration]
    Get_RtcFifo_Samples(0,1, &sample_in.regval);
    ^~~~~~~~~~~~~~~~~~~
../src/audio.c:68:5: warning: implicit declaration of function 'Put_RtcFifo_Samples' [-Wimplicit-function-declaration]
     Put_RtcFifo_Samples(0,1, &sample_in.regval);
     ^~~~~~~~~~~~~~~~~~~
../src/audio.c:62:6: warning: unused variable 'fifo_size' [-Wunused-variable]
  int fifo_size;
      ^~~~~~~~~
../src/audio.c: At top level:
../src/audio.c:91:6: warning: conflicting types for 'Audio_FIFO_Test1'
 void Audio_FIFO_Test1(int *state)
      ^~~~~~~~~~~~~~~~
../src/audio.c:48:11: note: previous implicit declaration of 'Audio_FIFO_Test1' was here
           Audio_FIFO_Test1(&audio_state);
           ^~~~~~~~~~~~~~~~
../src/audio.c: In function 'Audio_FIFO_Test1':
../src/audio.c:103:18: warning: implicit declaration of function 'Get_RtcFifo_RxSize' [-Wimplicit-function-declaration]
    fifosize_rx = Get_RtcFifo_RxSize(0);
                  ^~~~~~~~~~~~~~~~~~
../src/audio.c:95:8: warning: unused variable 'fifosize_tx' [-Wunused-variable]
    int fifosize_tx;
        ^~~~~~~~~~~
../src/audio.c: At top level:
../src/audio.c:113:6: warning: conflicting types for 'Audio_SamplesAverage'
 void Audio_SamplesAverage(int nsamples,int *state)
      ^~~~~~~~~~~~~~~~~~~~
../src/audio.c:38:5: note: previous implicit declaration of 'Audio_SamplesAverage' was here
     Audio_SamplesAverage(10,&audio_state);
     ^~~~~~~~~~~~~~~~~~~~
../src/audio.c: In function 'Audio_SamplesAverage':
../src/audio.c:117:35: warning: excess elements in union initializer
  union samples_struct average= {0,0};
                                   ^
../src/audio.c:117:35: note: (near initialization for 'average')
../src/audio.c:118:9: warning: unused variable 'delta' [-Wunused-variable]
     int delta;
         ^~~~~
'Finished building: ../src/audio.c'
' '
'Building file: ../src/cmd.c'
'Invoking: ARM v7 gcc compiler'
arm-none-eabi-gcc -Wall -O0 -g3 -c -fmessage-length=0 -MT"src/cmd.o" -mcpu=cortex-a9 -mfpu=vfpv3 -mfloat-abi=hard -I../../console_bsp/ps7_cortexa9_0/include -MMD -MP -MF"src/cmd.d" -MT"src/cmd.o" -o "src/cmd.o" "../src/cmd.c"
../src/cmd.c:35:8: warning: type defaults to 'int' in declaration of 'SD_Status' [-Wimplicit-int]
 extern SD_Status;
        ^~~~~~~~~
../src/cmd.c: In function 'CmdConsole':
../src/cmd.c:67:14: warning: implicit declaration of function 'UART0_Receive' [-Wimplicit-function-declaration]
   NumBytes = UART0_Receive(buf, 1);
              ^~~~~~~~~~~~~
../src/cmd.c:65:6: warning: unused variable 'wait' [-Wunused-variable]
  int wait;
      ^~~~
../src/cmd.c:62:11: warning: unused variable 'ReceivedCount' [-Wunused-variable]
  unsigned ReceivedCount;
           ^~~~~~~~~~~~~
../src/cmd.c:61:13: warning: unused variable 'state' [-Wunused-variable]
  static int state = 0;
             ^~~~~
../src/cmd.c:58:14: warning: unused variable 'cmd' [-Wunused-variable]
  static char cmd[64];
              ^~~
../src/cmd.c: In function 'CmdParser':
../src/cmd.c:146:29: warning: implicit declaration of function 'atoi' [-Wimplicit-function-declaration]
           fileStream.rate = atoi(token);
                             ^~~~
../src/cmd.c:148:18: warning: implicit declaration of function 'Config_RtcFifo' [-Wimplicit-function-declaration]
                  Config_RtcFifo(0,1, fileStream.rate);  //enable FIFO
                  ^~~~~~~~~~~~~~
../src/cmd.c:223:2: warning: implicit declaration of function 'CmdPrompt' [-Wimplicit-function-declaration]
  CmdPrompt();
  ^~~~~~~~~
../src/cmd.c:101:10: warning: unused variable 'respString' [-Wunused-variable]
     char respString[64];
          ^~~~~~~~~~
../src/cmd.c:100:10: warning: unused variable 'message' [-Wunused-variable]
     char message[64];
          ^~~~~~~
../src/cmd.c:99:43: warning: unused variable 'interleave' [-Wunused-variable]
     unsigned reg_address,reg_data,reg_num,interleave;
                                           ^~~~~~~~~~
../src/cmd.c:99:35: warning: unused variable 'reg_num' [-Wunused-variable]
     unsigned reg_address,reg_data,reg_num,interleave;
                                   ^~~~~~~
../src/cmd.c: At top level:
../src/cmd.c:267:6: warning: conflicting types for 'CmdPrompt'
 void CmdPrompt(void)
      ^~~~~~~~~
../src/cmd.c:223:2: note: previous implicit declaration of 'CmdPrompt' was here
  CmdPrompt();
  ^~~~~~~~~
../src/cmd.c: In function 'CmdPrompt':
../src/cmd.c:269:7: warning: unused variable 'message' [-Wunused-variable]
  char message[64];
       ^~~~~~~
At top level:
../src/cmd.c:58:14: warning: 'cmd' defined but not used [-Wunused-variable]
  static char cmd[64];
              ^~~
../src/cmd.c:61:13: warning: 'state' defined but not used [-Wunused-variable]
  static int state = 0;
             ^~~~~
'Finished building: ../src/cmd.c'
' '
'Building file: ../src/config_rtc.c'
'Invoking: ARM v7 gcc compiler'
arm-none-eabi-gcc -Wall -O0 -g3 -c -fmessage-length=0 -MT"src/config_rtc.o" -mcpu=cortex-a9 -mfpu=vfpv3 -mfloat-abi=hard -I../../console_bsp/ps7_cortexa9_0/include -MMD -MP -MF"src/config_rtc.d" -MT"src/config_rtc.o" -o "src/config_rtc.o" "../src/config_rtc.c"
'Finished building: ../src/config_rtc.c'
' '
'Building file: ../src/console_main.c'
'Invoking: ARM v7 gcc compiler'
arm-none-eabi-gcc -Wall -O0 -g3 -c -fmessage-length=0 -MT"src/console_main.o" -mcpu=cortex-a9 -mfpu=vfpv3 -mfloat-abi=hard -I../../console_bsp/ps7_cortexa9_0/include -MMD -MP -MF"src/console_main.d" -MT"src/console_main.o" -o "src/console_main.o" "../src/console_main.c"
In file included from ../../console_bsp/ps7_cortexa9_0/include/xil_printf.h:12:0,
                 from ../src/console_main.c:47:
../../console_bsp/ps7_cortexa9_0/include/xparameters.h:118:45: warning: initialization makes pointer from integer without a cast [-Wint-conversion]
 #define XPAR_AXI_MST_SBUS_BRIDGE_0_BASEADDR 0x43C00000
                                             ^
../src/console_main.c:95:34: note: in expansion of macro 'XPAR_AXI_MST_SBUS_BRIDGE_0_BASEADDR'
 #define XPAR_RTC_BRIDGE_BASEADDR XPAR_AXI_MST_SBUS_BRIDGE_0_BASEADDR
                                  ^~~~~~~~~~~~~~~~~~~~~~~~~~~~~~~~~~~
../src/console_main.c:97:22: note: in expansion of macro 'XPAR_RTC_BRIDGE_BASEADDR'
 unsigned *rtc_base = XPAR_RTC_BRIDGE_BASEADDR ;
                      ^~~~~~~~~~~~~~~~~~~~~~~~
../../console_bsp/ps7_cortexa9_0/include/xparameters.h:118:45: warning: initialization makes pointer from integer without a cast [-Wint-conversion]
 #define XPAR_AXI_MST_SBUS_BRIDGE_0_BASEADDR 0x43C00000
                                             ^
../src/console_main.c:95:34: note: in expansion of macro 'XPAR_AXI_MST_SBUS_BRIDGE_0_BASEADDR'
 #define XPAR_RTC_BRIDGE_BASEADDR XPAR_AXI_MST_SBUS_BRIDGE_0_BASEADDR
                                  ^~~~~~~~~~~~~~~~~~~~~~~~~~~~~~~~~~~
../src/console_main.c:98:22: note: in expansion of macro 'XPAR_RTC_BRIDGE_BASEADDR'
 unsigned *rtc_reg  = XPAR_RTC_BRIDGE_BASEADDR + 0x1000*4; // this is a byte address
                      ^~~~~~~~~~~~~~~~~~~~~~~~
../../console_bsp/ps7_cortexa9_0/include/xparameters.h:118:45: warning: initialization makes pointer from integer without a cast [-Wint-conversion]
 #define XPAR_AXI_MST_SBUS_BRIDGE_0_BASEADDR 0x43C00000
                                             ^
../src/console_main.c:95:34: note: in expansion of macro 'XPAR_AXI_MST_SBUS_BRIDGE_0_BASEADDR'
 #define XPAR_RTC_BRIDGE_BASEADDR XPAR_AXI_MST_SBUS_BRIDGE_0_BASEADDR
                                  ^~~~~~~~~~~~~~~~~~~~~~~~~~~~~~~~~~~
../src/console_main.c:99:23: note: in expansion of macro 'XPAR_RTC_BRIDGE_BASEADDR'
 unsigned *rtc_fifo1 = XPAR_RTC_BRIDGE_BASEADDR + 0x1000*4 + 3*4;
                       ^~~~~~~~~~~~~~~~~~~~~~~~
../../console_bsp/ps7_cortexa9_0/include/xparameters.h:118:45: warning: initialization makes pointer from integer without a cast [-Wint-conversion]
 #define XPAR_AXI_MST_SBUS_BRIDGE_0_BASEADDR 0x43C00000
                                             ^
../src/console_main.c:95:34: note: in expansion of macro 'XPAR_AXI_MST_SBUS_BRIDGE_0_BASEADDR'
 #define XPAR_RTC_BRIDGE_BASEADDR XPAR_AXI_MST_SBUS_BRIDGE_0_BASEADDR
                                  ^~~~~~~~~~~~~~~~~~~~~~~~~~~~~~~~~~~
../src/console_main.c:100:23: note: in expansion of macro 'XPAR_RTC_BRIDGE_BASEADDR'
 unsigned *rtc_fifo2 = XPAR_RTC_BRIDGE_BASEADDR + 0x1000*4 + 6*4;
                       ^~~~~~~~~~~~~~~~~~~~~~~~
../../console_bsp/ps7_cortexa9_0/include/xparameters.h:118:45: warning: initialization makes pointer from integer without a cast [-Wint-conversion]
 #define XPAR_AXI_MST_SBUS_BRIDGE_0_BASEADDR 0x43C00000
                                             ^
../src/console_main.c:95:34: note: in expansion of macro 'XPAR_AXI_MST_SBUS_BRIDGE_0_BASEADDR'
 #define XPAR_RTC_BRIDGE_BASEADDR XPAR_AXI_MST_SBUS_BRIDGE_0_BASEADDR
                                  ^~~~~~~~~~~~~~~~~~~~~~~~~~~~~~~~~~~
../src/console_main.c:101:31: note: in expansion of macro 'XPAR_RTC_BRIDGE_BASEADDR'
 unsigned *IRQ_AXIBRIDGE_REG = XPAR_RTC_BRIDGE_BASEADDR + 4*2;
                               ^~~~~~~~~~~~~~~~~~~~~~~~
../../console_bsp/ps7_cortexa9_0/include/xparameters.h:118:45: warning: initialization makes pointer from integer without a cast [-Wint-conversion]
 #define XPAR_AXI_MST_SBUS_BRIDGE_0_BASEADDR 0x43C00000
                                             ^
../src/console_main.c:95:34: note: in expansion of macro 'XPAR_AXI_MST_SBUS_BRIDGE_0_BASEADDR'
 #define XPAR_RTC_BRIDGE_BASEADDR XPAR_AXI_MST_SBUS_BRIDGE_0_BASEADDR
                                  ^~~~~~~~~~~~~~~~~~~~~~~~~~~~~~~~~~~
../src/console_main.c:102:26: note: in expansion of macro 'XPAR_RTC_BRIDGE_BASEADDR'
 unsigned *IRQ_RTC_REG  = XPAR_RTC_BRIDGE_BASEADDR + 0x1000*4 + 4*2; // dword reg 0x2
                          ^~~~~~~~~~~~~~~~~~~~~~~~
../../console_bsp/ps7_cortexa9_0/include/xparameters.h:118:45: warning: initialization makes pointer from integer without a cast [-Wint-conversion]
 #define XPAR_AXI_MST_SBUS_BRIDGE_0_BASEADDR 0x43C00000
                                             ^
../src/console_main.c:95:34: note: in expansion of macro 'XPAR_AXI_MST_SBUS_BRIDGE_0_BASEADDR'
 #define XPAR_RTC_BRIDGE_BASEADDR XPAR_AXI_MST_SBUS_BRIDGE_0_BASEADDR
                                  ^~~~~~~~~~~~~~~~~~~~~~~~~~~~~~~~~~~
../src/console_main.c:105:32: note: in expansion of macro 'XPAR_RTC_BRIDGE_BASEADDR'
 unsigned *profiler_reg       = XPAR_RTC_BRIDGE_BASEADDR + 4*0x200;
                                ^~~~~~~~~~~~~~~~~~~~~~~~
../../console_bsp/ps7_cortexa9_0/include/xparameters.h:118:45: warning: initialization makes pointer from integer without a cast [-Wint-conversion]
 #define XPAR_AXI_MST_SBUS_BRIDGE_0_BASEADDR 0x43C00000
                                             ^
../src/console_main.c:95:34: note: in expansion of macro 'XPAR_AXI_MST_SBUS_BRIDGE_0_BASEADDR'
 #define XPAR_RTC_BRIDGE_BASEADDR XPAR_AXI_MST_SBUS_BRIDGE_0_BASEADDR
                                  ^~~~~~~~~~~~~~~~~~~~~~~~~~~~~~~~~~~
../src/console_main.c:108:27: note: in expansion of macro 'XPAR_RTC_BRIDGE_BASEADDR'
 unsigned *core_reg      = XPAR_RTC_BRIDGE_BASEADDR + 0x2000*4; // this is a byte address
                           ^~~~~~~~~~~~~~~~~~~~~~~~
../../console_bsp/ps7_cortexa9_0/include/xparameters.h:118:45: warning: initialization makes pointer from integer without a cast [-Wint-conversion]
 #define XPAR_AXI_MST_SBUS_BRIDGE_0_BASEADDR 0x43C00000
                                             ^
../src/console_main.c:95:34: note: in expansion of macro 'XPAR_AXI_MST_SBUS_BRIDGE_0_BASEADDR'
 #define XPAR_RTC_BRIDGE_BASEADDR XPAR_AXI_MST_SBUS_BRIDGE_0_BASEADDR
                                  ^~~~~~~~~~~~~~~~~~~~~~~~~~~~~~~~~~~
../src/console_main.c:109:26: note: in expansion of macro 'XPAR_RTC_BRIDGE_BASEADDR'
 unsigned *IRQ_CORE_REG  =XPAR_RTC_BRIDGE_BASEADDR + 0x2000*4 + 4*2; // dword reg 0x2
                          ^~~~~~~~~~~~~~~~~~~~~~~~
../../console_bsp/ps7_cortexa9_0/include/xparameters.h:118:45: warning: initialization makes pointer from integer without a cast [-Wint-conversion]
 #define XPAR_AXI_MST_SBUS_BRIDGE_0_BASEADDR 0x43C00000
                                             ^
../src/console_main.c:95:34: note: in expansion of macro 'XPAR_AXI_MST_SBUS_BRIDGE_0_BASEADDR'
 #define XPAR_RTC_BRIDGE_BASEADDR XPAR_AXI_MST_SBUS_BRIDGE_0_BASEADDR
                                  ^~~~~~~~~~~~~~~~~~~~~~~~~~~~~~~~~~~
../src/console_main.c:110:31: note: in expansion of macro 'XPAR_RTC_BRIDGE_BASEADDR'
 unsigned *IRQ_CORE_LATENCY  = XPAR_RTC_BRIDGE_BASEADDR + 0x2000*4 + 4*3; // dword reg 0x3
                               ^~~~~~~~~~~~~~~~~~~~~~~~
../src/console_main.c:138:19: warning: initialization makes pointer from integer without a cast [-Wint-conversion]
 char *DMABUFFER = 0x2000000;
                   ^~~~~~~~~
../src/console_main.c: In function 'main':
../src/console_main.c:196:5: warning: implicit declaration of function 'SetToDefaults' [-Wimplicit-function-declaration]
     SetToDefaults(); // peripheral RTC to defaults
     ^~~~~~~~~~~~~
../src/console_main.c:199:15: warning: implicit declaration of function 'UART_initialize' [-Wimplicit-function-declaration]
     Status1 = UART_initialize();
               ^~~~~~~~~~~~~~~
../src/console_main.c:219:3: warning: implicit declaration of function 'Initialize_RTC' [-Wimplicit-function-declaration]
   Initialize_RTC();
   ^~~~~~~~~~~~~~
../src/console_main.c:224:14: warning: implicit declaration of function 'SetupInterruptSystem' [-Wimplicit-function-declaration]
    Status1 = SetupInterruptSystem(INTC_DEVICE_ID, &InterruptController);
              ^~~~~~~~~~~~~~~~~~~~
../src/console_main.c:224:35: error: 'INTC_DEVICE_ID' undeclared (first use in this function)
    Status1 = SetupInterruptSystem(INTC_DEVICE_ID, &InterruptController);
                                   ^~~~~~~~~~~~~~
../src/console_main.c:224:35: note: each undeclared identifier is reported only once for each function it appears in
../src/console_main.c:224:52: error: 'InterruptController' undeclared (first use in this function)
    Status1 = SetupInterruptSystem(INTC_DEVICE_ID, &InterruptController);
                                                    ^~~~~~~~~~~~~~~~~~~
../src/console_main.c:236:53: error: 'INTC_DEVICE_INT_ID_RTC0' undeclared (first use in this function)
     Status1 = XScuGic_Connect(&InterruptController, INTC_DEVICE_INT_ID_RTC0,
                                                     ^~~~~~~~~~~~~~~~~~~~~~~
../src/console_main.c:237:37: error: 'DeviceDriverHandler_RTC0' undeclared (first use in this function)
               (Xil_ExceptionHandler)DeviceDriverHandler_RTC0,
                                     ^~~~~~~~~~~~~~~~~~~~~~~~
../src/console_main.c:239:53: error: 'INTC_DEVICE_INT_ID_RTC1' undeclared (first use in this function)
     Status1 = XScuGic_Connect(&InterruptController, INTC_DEVICE_INT_ID_RTC1,
                                                     ^~~~~~~~~~~~~~~~~~~~~~~
../src/console_main.c:240:37: error: 'DeviceDriverHandler_RTC1' undeclared (first use in this function)
               (Xil_ExceptionHandler)DeviceDriverHandler_RTC1,
                                     ^~~~~~~~~~~~~~~~~~~~~~~~
../src/console_main.c:247:53: error: 'INTC_DEVICE_INT_ID_AXIBRIDGE' undeclared (first use in this function)
     Status1 = XScuGic_Connect(&InterruptController, INTC_DEVICE_INT_ID_AXIBRIDGE,
                                                     ^~~~~~~~~~~~~~~~~~~~~~~~~~~~
../src/console_main.c:248:37: error: 'DeviceDriverHandler_AxiBridge' undeclared (first use in this function)
               (Xil_ExceptionHandler)DeviceDriverHandler_AxiBridge,
                                     ^~~~~~~~~~~~~~~~~~~~~~~~~~~~~
../src/console_main.c:265:5: warning: implicit declaration of function 'CmdPrompt' [-Wimplicit-function-declaration]
     CmdPrompt();
     ^~~~~~~~~
../src/console_main.c:268:5: warning: implicit declaration of function 'Xil_SetTlbAttributes' [-Wimplicit-function-declaration]
     Xil_SetTlbAttributes(0x01000000,0x04de2);           // S=b0 TEX=b100 AP=b11, Domain=b1111, C=b0, B=b0
     ^~~~~~~~~~~~~~~~~~~~
../src/console_main.c:313:28: warning: implicit declaration of function 'App_DmaRead' [-Wimplicit-function-declaration]
         case APP_DMA_READ: App_DmaRead();
                            ^~~~~~~~~~~
../src/console_main.c:315:32: warning: implicit declaration of function 'App_DmaMuxRead' [-Wimplicit-function-declaration]
         case APP_DMA_MUX_READ: App_DmaMuxRead();
                                ^~~~~~~~~~~~~~
../src/console_main.c:317:35: warning: implicit declaration of function 'App_DmaMux_SdRead' [-Wimplicit-function-declaration]
         case APP_DMA_MUX_SD_READ: App_DmaMux_SdRead();
                                   ^~~~~~~~~~~~~~~~~
../src/console_main.c:190:22: warning: unused variable 'Status3' [-Wunused-variable]
  int Status1,Status2,Status3;
                      ^~~~~~~
../src/console_main.c:190:14: warning: unused variable 'Status2' [-Wunused-variable]
  int Status1,Status2,Status3;
              ^~~~~~~
../src/console_main.c: At top level:
../src/console_main.c:341:12: error: conflicting types for 'SetupInterruptSystem'
 static int SetupInterruptSystem(u16 IntcDeviceID,
            ^~~~~~~~~~~~~~~~~~~~
../src/console_main.c:343:1: note: an argument type that has a default promotion can't match an empty parameter name list declaration
 {
 ^
../src/console_main.c:224:14: note: previous implicit declaration of 'SetupInterruptSystem' was here
    Status1 = SetupInterruptSystem(INTC_DEVICE_ID, &InterruptController);
              ^~~~~~~~~~~~~~~~~~~~
../src/console_main.c:341:12: warning: 'SetupInterruptSystem' defined but not used [-Wunused-function]
 static int SetupInterruptSystem(u16 IntcDeviceID,
            ^~~~~~~~~~~~~~~~~~~~
make: *** [src/console_main.o] Fehler 1
21:21:06 **** Auto Build of configuration Debug for project console ****
make pre-build main-build 
a9-linaro-pre-build-step
' '
'Building file: ../src/console_main.c'
'Invoking: ARM v7 gcc compiler'
arm-none-eabi-gcc -Wall -O0 -g3 -c -fmessage-length=0 -MT"src/console_main.o" -mcpu=cortex-a9 -mfpu=vfpv3 -mfloat-abi=hard -I../../console_bsp/ps7_cortexa9_0/include -MMD -MP -MF"src/console_main.d" -MT"src/console_main.o" -o "src/console_main.o" "../src/console_main.c"
In file included from ../../console_bsp/ps7_cortexa9_0/include/xil_printf.h:12:0,
                 from ../src/console_main.c:47:
../../console_bsp/ps7_cortexa9_0/include/xparameters.h:118:45: warning: initialization makes pointer from integer without a cast [-Wint-conversion]
 #define XPAR_AXI_MST_SBUS_BRIDGE_0_BASEADDR 0x43C00000
                                             ^
../src/console_main.c:60:34: note: in expansion of macro 'XPAR_AXI_MST_SBUS_BRIDGE_0_BASEADDR'
 #define XPAR_RTC_BRIDGE_BASEADDR XPAR_AXI_MST_SBUS_BRIDGE_0_BASEADDR
                                  ^~~~~~~~~~~~~~~~~~~~~~~~~~~~~~~~~~~
../src/console_main.c:62:22: note: in expansion of macro 'XPAR_RTC_BRIDGE_BASEADDR'
 unsigned *rtc_base = XPAR_RTC_BRIDGE_BASEADDR ;
                      ^~~~~~~~~~~~~~~~~~~~~~~~
../../console_bsp/ps7_cortexa9_0/include/xparameters.h:118:45: warning: initialization makes pointer from integer without a cast [-Wint-conversion]
 #define XPAR_AXI_MST_SBUS_BRIDGE_0_BASEADDR 0x43C00000
                                             ^
../src/console_main.c:60:34: note: in expansion of macro 'XPAR_AXI_MST_SBUS_BRIDGE_0_BASEADDR'
 #define XPAR_RTC_BRIDGE_BASEADDR XPAR_AXI_MST_SBUS_BRIDGE_0_BASEADDR
                                  ^~~~~~~~~~~~~~~~~~~~~~~~~~~~~~~~~~~
../src/console_main.c:63:22: note: in expansion of macro 'XPAR_RTC_BRIDGE_BASEADDR'
 unsigned *rtc_reg  = XPAR_RTC_BRIDGE_BASEADDR + 0x1000*4; // this is a byte address
                      ^~~~~~~~~~~~~~~~~~~~~~~~
../../console_bsp/ps7_cortexa9_0/include/xparameters.h:118:45: warning: initialization makes pointer from integer without a cast [-Wint-conversion]
 #define XPAR_AXI_MST_SBUS_BRIDGE_0_BASEADDR 0x43C00000
                                             ^
../src/console_main.c:60:34: note: in expansion of macro 'XPAR_AXI_MST_SBUS_BRIDGE_0_BASEADDR'
 #define XPAR_RTC_BRIDGE_BASEADDR XPAR_AXI_MST_SBUS_BRIDGE_0_BASEADDR
                                  ^~~~~~~~~~~~~~~~~~~~~~~~~~~~~~~~~~~
../src/console_main.c:64:23: note: in expansion of macro 'XPAR_RTC_BRIDGE_BASEADDR'
 unsigned *rtc_fifo1 = XPAR_RTC_BRIDGE_BASEADDR + 0x1000*4 + 3*4;
                       ^~~~~~~~~~~~~~~~~~~~~~~~
../../console_bsp/ps7_cortexa9_0/include/xparameters.h:118:45: warning: initialization makes pointer from integer without a cast [-Wint-conversion]
 #define XPAR_AXI_MST_SBUS_BRIDGE_0_BASEADDR 0x43C00000
                                             ^
../src/console_main.c:60:34: note: in expansion of macro 'XPAR_AXI_MST_SBUS_BRIDGE_0_BASEADDR'
 #define XPAR_RTC_BRIDGE_BASEADDR XPAR_AXI_MST_SBUS_BRIDGE_0_BASEADDR
                                  ^~~~~~~~~~~~~~~~~~~~~~~~~~~~~~~~~~~
../src/console_main.c:65:23: note: in expansion of macro 'XPAR_RTC_BRIDGE_BASEADDR'
 unsigned *rtc_fifo2 = XPAR_RTC_BRIDGE_BASEADDR + 0x1000*4 + 6*4;
                       ^~~~~~~~~~~~~~~~~~~~~~~~
../../console_bsp/ps7_cortexa9_0/include/xparameters.h:118:45: warning: initialization makes pointer from integer without a cast [-Wint-conversion]
 #define XPAR_AXI_MST_SBUS_BRIDGE_0_BASEADDR 0x43C00000
                                             ^
../src/console_main.c:60:34: note: in expansion of macro 'XPAR_AXI_MST_SBUS_BRIDGE_0_BASEADDR'
 #define XPAR_RTC_BRIDGE_BASEADDR XPAR_AXI_MST_SBUS_BRIDGE_0_BASEADDR
                                  ^~~~~~~~~~~~~~~~~~~~~~~~~~~~~~~~~~~
../src/console_main.c:66:31: note: in expansion of macro 'XPAR_RTC_BRIDGE_BASEADDR'
 unsigned *IRQ_AXIBRIDGE_REG = XPAR_RTC_BRIDGE_BASEADDR + 4*2;
                               ^~~~~~~~~~~~~~~~~~~~~~~~
../../console_bsp/ps7_cortexa9_0/include/xparameters.h:118:45: warning: initialization makes pointer from integer without a cast [-Wint-conversion]
 #define XPAR_AXI_MST_SBUS_BRIDGE_0_BASEADDR 0x43C00000
                                             ^
../src/console_main.c:60:34: note: in expansion of macro 'XPAR_AXI_MST_SBUS_BRIDGE_0_BASEADDR'
 #define XPAR_RTC_BRIDGE_BASEADDR XPAR_AXI_MST_SBUS_BRIDGE_0_BASEADDR
                                  ^~~~~~~~~~~~~~~~~~~~~~~~~~~~~~~~~~~
../src/console_main.c:67:26: note: in expansion of macro 'XPAR_RTC_BRIDGE_BASEADDR'
 unsigned *IRQ_RTC_REG  = XPAR_RTC_BRIDGE_BASEADDR + 0x1000*4 + 4*2; // dword reg 0x2
                          ^~~~~~~~~~~~~~~~~~~~~~~~
../../console_bsp/ps7_cortexa9_0/include/xparameters.h:118:45: warning: initialization makes pointer from integer without a cast [-Wint-conversion]
 #define XPAR_AXI_MST_SBUS_BRIDGE_0_BASEADDR 0x43C00000
                                             ^
../src/console_main.c:60:34: note: in expansion of macro 'XPAR_AXI_MST_SBUS_BRIDGE_0_BASEADDR'
 #define XPAR_RTC_BRIDGE_BASEADDR XPAR_AXI_MST_SBUS_BRIDGE_0_BASEADDR
                                  ^~~~~~~~~~~~~~~~~~~~~~~~~~~~~~~~~~~
../src/console_main.c:70:32: note: in expansion of macro 'XPAR_RTC_BRIDGE_BASEADDR'
 unsigned *profiler_reg       = XPAR_RTC_BRIDGE_BASEADDR + 4*0x200;
                                ^~~~~~~~~~~~~~~~~~~~~~~~
../../console_bsp/ps7_cortexa9_0/include/xparameters.h:118:45: warning: initialization makes pointer from integer without a cast [-Wint-conversion]
 #define XPAR_AXI_MST_SBUS_BRIDGE_0_BASEADDR 0x43C00000
                                             ^
../src/console_main.c:60:34: note: in expansion of macro 'XPAR_AXI_MST_SBUS_BRIDGE_0_BASEADDR'
[...]
"Running Make include in ps7_cortexa9_0/libsrc/devcfg_v3_4/src"
make -C ps7_cortexa9_0/libsrc/devcfg_v3_4/src -s include  "SHELL=CMD" "COMPILER=arm-none-eabi-gcc" "ARCHIVER=arm-none-eabi-ar" "COMPILER_FLAGS=  -O2 -c" "EXTRA_COMPILER_FLAGS=-mcpu=cortex-a9 -mfpu=vfpv3 -mfloat-abi=hard -nostartfiles -Wall -Wextra"
"Running Make include in ps7_cortexa9_0/libsrc/dmaps_v2_3/src"
make -C ps7_cortexa9_0/libsrc/dmaps_v2_3/src -s include  "SHELL=CMD" "COMPILER=arm-none-eabi-gcc" "ARCHIVER=arm-none-eabi-ar" "COMPILER_FLAGS=  -O2 -c" "EXTRA_COMPILER_FLAGS=-mcpu=cortex-a9 -mfpu=vfpv3 -mfloat-abi=hard -nostartfiles -Wall -Wextra"
"Running Make include in ps7_cortexa9_0/libsrc/emacps_v3_4/src"
make -C ps7_cortexa9_0/libsrc/emacps_v3_4/src -s include  "SHELL=CMD" "COMPILER=arm-none-eabi-gcc" "ARCHIVER=arm-none-eabi-ar" "COMPILER_FLAGS=  -O2 -c" "EXTRA_COMPILER_FLAGS=-mcpu=cortex-a9 -mfpu=vfpv3 -mfloat-abi=hard -nostartfiles -Wall -Wextra"
"Running Make include in ps7_cortexa9_0/libsrc/gpiops_v3_3/src"
make -C ps7_cortexa9_0/libsrc/gpiops_v3_3/src -s include  "SHELL=CMD" "COMPILER=arm-none-eabi-gcc" "ARCHIVER=arm-none-eabi-ar" "COMPILER_FLAGS=  -O2 -c" "EXTRA_COMPILER_FLAGS=-mcpu=cortex-a9 -mfpu=vfpv3 -mfloat-abi=hard -nostartfiles -Wall -Wextra"
"Running Make include in ps7_cortexa9_0/libsrc/qspips_v3_3/src"
make -C ps7_cortexa9_0/libsrc/qspips_v3_3/src -s include  "SHELL=CMD" "COMPILER=arm-none-eabi-gcc" "ARCHIVER=arm-none-eabi-ar" "COMPILER_FLAGS=  -O2 -c" "EXTRA_COMPILER_FLAGS=-mcpu=cortex-a9 -mfpu=vfpv3 -mfloat-abi=hard -nostartfiles -Wall -Wextra"
"Running Make include in ps7_cortexa9_0/libsrc/scugic_v3_7/src"
make -C ps7_cortexa9_0/libsrc/scugic_v3_7/src -s include  "SHELL=CMD" "COMPILER=arm-none-eabi-gcc" "ARCHIVER=arm-none-eabi-ar" "COMPILER_FLAGS=  -O2 -c" "EXTRA_COMPILER_FLAGS=-mcpu=cortex-a9 -mfpu=vfpv3 -mfloat-abi=hard -nostartfiles -Wall -Wextra"
"Running Make include in ps7_cortexa9_0/libsrc/scutimer_v2_1/src"
make -C ps7_cortexa9_0/libsrc/scutimer_v2_1/src -s include  "SHELL=CMD" "COMPILER=arm-none-eabi-gcc" "ARCHIVER=arm-none-eabi-ar" "COMPILER_FLAGS=  -O2 -c" "EXTRA_COMPILER_FLAGS=-mcpu=cortex-a9 -mfpu=vfpv3 -mfloat-abi=hard -nostartfiles -Wall -Wextra"
"Running Make include in ps7_cortexa9_0/libsrc/scuwdt_v2_1/src"
make -C ps7_cortexa9_0/libsrc/scuwdt_v2_1/src -s include  "SHELL=CMD" "COMPILER=arm-none-eabi-gcc" "ARCHIVER=arm-none-eabi-ar" "COMPILER_FLAGS=  -O2 -c" "EXTRA_COMPILER_FLAGS=-mcpu=cortex-a9 -mfpu=vfpv3 -mfloat-abi=hard -nostartfiles -Wall -Wextra"
"Running Make include in ps7_cortexa9_0/libsrc/sdps_v3_2/src"
make -C ps7_cortexa9_0/libsrc/sdps_v3_2/src -s include  "SHELL=CMD" "COMPILER=arm-none-eabi-gcc" "ARCHIVER=arm-none-eabi-ar" "COMPILER_FLAGS=  -O2 -c" "EXTRA_COMPILER_FLAGS=-mcpu=cortex-a9 -mfpu=vfpv3 -mfloat-abi=hard -nostartfiles -Wall -Wextra"
"Running Make include in ps7_cortexa9_0/libsrc/standalone_v6_3/src"
make -C ps7_cortexa9_0/libsrc/standalone_v6_3/src -s include  "SHELL=CMD" "COMPILER=arm-none-eabi-gcc" "ARCHIVER=arm-none-eabi-ar" "COMPILER_FLAGS=  -O2 -c" "EXTRA_COMPILER_FLAGS=-mcpu=cortex-a9 -mfpu=vfpv3 -mfloat-abi=hard -nostartfiles -Wall -Wextra"
"Running Make include in ps7_cortexa9_0/libsrc/ttcps_v3_3/src"
make -C ps7_cortexa9_0/libsrc/ttcps_v3_3/src -s include  "SHELL=CMD" "COMPILER=arm-none-eabi-gcc" "ARCHIVER=arm-none-eabi-ar" "COMPILER_FLAGS=  -O2 -c" "EXTRA_COMPILER_FLAGS=-mcpu=cortex-a9 -mfpu=vfpv3 -mfloat-abi=hard -nostartfiles -Wall -Wextra"
"Running Make include in ps7_cortexa9_0/libsrc/uartps_v3_4/src"
make -C ps7_cortexa9_0/libsrc/uartps_v3_4/src -s include  "SHELL=CMD" "COMPILER=arm-none-eabi-gcc" "ARCHIVER=arm-none-eabi-ar" "COMPILER_FLAGS=  -O2 -c" "EXTRA_COMPILER_FLAGS=-mcpu=cortex-a9 -mfpu=vfpv3 -mfloat-abi=hard -nostartfiles -Wall -Wextra"
"Running Make include in ps7_cortexa9_0/libsrc/usbps_v2_4/src"
make -C ps7_cortexa9_0/libsrc/usbps_v2_4/src -s include  "SHELL=CMD" "COMPILER=arm-none-eabi-gcc" "ARCHIVER=arm-none-eabi-ar" "COMPILER_FLAGS=  -O2 -c" "EXTRA_COMPILER_FLAGS=-mcpu=cortex-a9 -mfpu=vfpv3 -mfloat-abi=hard -nostartfiles -Wall -Wextra"
"Running Make include in ps7_cortexa9_0/libsrc/xadcps_v2_2/src"
make -C ps7_cortexa9_0/libsrc/xadcps_v2_2/src -s include  "SHELL=CMD" "COMPILER=arm-none-eabi-gcc" "ARCHIVER=arm-none-eabi-ar" "COMPILER_FLAGS=  -O2 -c" "EXTRA_COMPILER_FLAGS=-mcpu=cortex-a9 -mfpu=vfpv3 -mfloat-abi=hard -nostartfiles -Wall -Wextra"
"Running Make include in ps7_cortexa9_0/libsrc/xilffs_v3_6/src"
make -C ps7_cortexa9_0/libsrc/xilffs_v3_6/src -s include  "SHELL=CMD" "COMPILER=arm-none-eabi-gcc" "ARCHIVER=arm-none-eabi-ar" "COMPILER_FLAGS=  -O2 -c" "EXTRA_COMPILER_FLAGS=-mcpu=cortex-a9 -mfpu=vfpv3 -mfloat-abi=hard -nostartfiles -Wall -Wextra"
"Running Make include in ps7_cortexa9_0/libsrc/xilrsa_v1_3/src"
make -C ps7_cortexa9_0/libsrc/xilrsa_v1_3/src -s include  "SHELL=CMD" "COMPILER=arm-none-eabi-gcc" "ARCHIVER=arm-none-eabi-ar" "COMPILER_FLAGS=  -O2 -c" "EXTRA_COMPILER_FLAGS=-mcpu=cortex-a9 -mfpu=vfpv3 -mfloat-abi=hard -nostartfiles -Wall -Wextra"
"Running Make libs in ps7_cortexa9_0/libsrc/coresightps_dcc_v1_4/src"
make -C ps7_cortexa9_0/libsrc/coresightps_dcc_v1_4/src -s libs  "SHELL=CMD" "COMPILER=arm-none-eabi-gcc" "ARCHIVER=arm-none-eabi-ar" "COMPILER_FLAGS=  -O2 -c" "EXTRA_COMPILER_FLAGS=-mcpu=cortex-a9 -mfpu=vfpv3 -mfloat-abi=hard -nostartfiles -Wall -Wextra"
"Compiling coresightps_dcc"
arm-none-eabi-ar: creating ../../../lib/libxil.a
"Running Make libs in ps7_cortexa9_0/libsrc/cpu_cortexa9_v2_4/src"
make -C ps7_cortexa9_0/libsrc/cpu_cortexa9_v2_4/src -s libs  "SHELL=CMD" "COMPILER=arm-none-eabi-gcc" "ARCHIVER=arm-none-eabi-ar" "COMPILER_FLAGS=  -O2 -c" "EXTRA_COMPILER_FLAGS=-mcpu=cortex-a9 -mfpu=vfpv3 -mfloat-abi=hard -nostartfiles -Wall -Wextra"
"Compiling cpu_cortexa9"
"Running Make libs in ps7_cortexa9_0/libsrc/ddrps_v1_0/src"
make -C ps7_cortexa9_0/libsrc/ddrps_v1_0/src -s libs  "SHELL=CMD" "COMPILER=arm-none-eabi-gcc" "ARCHIVER=arm-none-eabi-ar" "COMPILER_FLAGS=  -O2 -c" "EXTRA_COMPILER_FLAGS=-mcpu=cortex-a9 -mfpu=vfpv3 -mfloat-abi=hard -nostartfiles -Wall -Wextra"
"Compiling ddrps"
"Running Make libs in ps7_cortexa9_0/libsrc/devcfg_v3_4/src"
make -C ps7_cortexa9_0/libsrc/devcfg_v3_4/src -s libs  "SHELL=CMD" "COMPILER=arm-none-eabi-gcc" "ARCHIVER=arm-none-eabi-ar" "COMPILER_FLAGS=  -O2 -c" "EXTRA_COMPILER_FLAGS=-mcpu=cortex-a9 -mfpu=vfpv3 -mfloat-abi=hard -nostartfiles -Wall -Wextra"
"Compiling devcfg"
"Running Make libs in ps7_cortexa9_0/libsrc/dmaps_v2_3/src"
make -C ps7_cortexa9_0/libsrc/dmaps_v2_3/src -s libs  "SHELL=CMD" "COMPILER=arm-none-eabi-gcc" "ARCHIVER=arm-none-eabi-ar" "COMPILER_FLAGS=  -O2 -c" "EXTRA_COMPILER_FLAGS=-mcpu=cortex-a9 -mfpu=vfpv3 -mfloat-abi=hard -nostartfiles -Wall -Wextra"
"Compiling dmaps"
"Running Make libs in ps7_cortexa9_0/libsrc/emacps_v3_4/src"
make -C ps7_cortexa9_0/libsrc/emacps_v3_4/src -s libs  "SHELL=CMD" "COMPILER=arm-none-eabi-gcc" "ARCHIVER=arm-none-eabi-ar" "COMPILER_FLAGS=  -O2 -c" "EXTRA_COMPILER_FLAGS=-mcpu=cortex-a9 -mfpu=vfpv3 -mfloat-abi=hard -nostartfiles -Wall -Wextra"
"Compiling emacps"
"Running Make libs in ps7_cortexa9_0/libsrc/gpiops_v3_3/src"
make -C ps7_cortexa9_0/libsrc/gpiops_v3_3/src -s libs  "SHELL=CMD" "COMPILER=arm-none-eabi-gcc" "ARCHIVER=arm-none-eabi-ar" "COMPILER_FLAGS=  -O2 -c" "EXTRA_COMPILER_FLAGS=-mcpu=cortex-a9 -mfpu=vfpv3 -mfloat-abi=hard -nostartfiles -Wall -Wextra"
"Compiling gpiops"
"Running Make libs in ps7_cortexa9_0/libsrc/qspips_v3_3/src"
make -C ps7_cortexa9_0/libsrc/qspips_v3_3/src -s libs  "SHELL=CMD" "COMPILER=arm-none-eabi-gcc" "ARCHIVER=arm-none-eabi-ar" "COMPILER_FLAGS=  -O2 -c" "EXTRA_COMPILER_FLAGS=-mcpu=cortex-a9 -mfpu=vfpv3 -mfloat-abi=hard -nostartfiles -Wall -Wextra"
"Compiling qspips"
"Running Make libs in ps7_cortexa9_0/libsrc/scugic_v3_7/src"
make -C ps7_cortexa9_0/libsrc/scugic_v3_7/src -s libs  "SHELL=CMD" "COMPILER=arm-none-eabi-gcc" "ARCHIVER=arm-none-eabi-ar" "COMPILER_FLAGS=  -O2 -c" "EXTRA_COMPILER_FLAGS=-mcpu=cortex-a9 -mfpu=vfpv3 -mfloat-abi=hard -nostartfiles -Wall -Wextra"
"Compiling scugic"
xscugic_g.c:53:2: warning: missing initializer for field 'HandlerTable' of 'XScuGic_Config {aka struct <anonymous>}' [-Wmissing-field-initializers]
  }
  ^
In file included from xscugic_g.c:41:0:
xscugic.h:218:27: note: 'HandlerTable' declared here
  XScuGic_VectorTableEntry HandlerTable[XSCUGIC_MAX_NUM_INTR_INPUTS];/**<
                           ^~~~~~~~~~~~
"Running Make libs in ps7_cortexa9_0/libsrc/scutimer_v2_1/src"
make -C ps7_cortexa9_0/libsrc/scutimer_v2_1/src -s libs  "SHELL=CMD" "COMPILER=arm-none-eabi-gcc" "ARCHIVER=arm-none-eabi-ar" "COMPILER_FLAGS=  -O2 -c" "EXTRA_COMPILER_FLAGS=-mcpu=cortex-a9 -mfpu=vfpv3 -mfloat-abi=hard -nostartfiles -Wall -Wextra"
"Compiling scutimer"
"Running Make libs in ps7_cortexa9_0/libsrc/scuwdt_v2_1/src"
make -C ps7_cortexa9_0/libsrc/scuwdt_v2_1/src -s libs  "SHELL=CMD" "COMPILER=arm-none-eabi-gcc" "ARCHIVER=arm-none-eabi-ar" "COMPILER_FLAGS=  -O2 -c" "EXTRA_COMPILER_FLAGS=-mcpu=cortex-a9 -mfpu=vfpv3 -mfloat-abi=hard -nostartfiles -Wall -Wextra"
"Compiling scuwdt"
"Running Make libs in ps7_cortexa9_0/libsrc/sdps_v3_2/src"
make -C ps7_cortexa9_0/libsrc/sdps_v3_2/src -s libs  "SHELL=CMD" "COMPILER=arm-none-eabi-gcc" "ARCHIVER=arm-none-eabi-ar" "COMPILER_FLAGS=  -O2 -c" "EXTRA_COMPILER_FLAGS=-mcpu=cortex-a9 -mfpu=vfpv3 -mfloat-abi=hard -nostartfiles -Wall -Wextra"
"Compiling sdps"
"Running Make libs in ps7_cortexa9_0/libsrc/standalone_v6_3/src"
make -C ps7_cortexa9_0/libsrc/standalone_v6_3/src -s libs  "SHELL=CMD" "COMPILER=arm-none-eabi-gcc" "ARCHIVER=arm-none-eabi-ar" "COMPILER_FLAGS=  -O2 -c" "EXTRA_COMPILER_FLAGS=-mcpu=cortex-a9 -mfpu=vfpv3 -mfloat-abi=hard -nostartfiles -Wall -Wextra"
"Compiling standalone"
"Running Make libs in ps7_cortexa9_0/libsrc/ttcps_v3_3/src"
make -C ps7_cortexa9_0/libsrc/ttcps_v3_3/src -s libs  "SHELL=CMD" "COMPILER=arm-none-eabi-gcc" "ARCHIVER=arm-none-eabi-ar" "COMPILER_FLAGS=  -O2 -c" "EXTRA_COMPILER_FLAGS=-mcpu=cortex-a9 -mfpu=vfpv3 -mfloat-abi=hard -nostartfiles -Wall -Wextra"
"Compiling ttcps"
"Running Make libs in ps7_cortexa9_0/libsrc/uartps_v3_4/src"
make -C ps7_cortexa9_0/libsrc/uartps_v3_4/src -s libs  "SHELL=CMD" "COMPILER=arm-none-eabi-gcc" "ARCHIVER=arm-none-eabi-ar" "COMPILER_FLAGS=  -O2 -c" "EXTRA_COMPILER_FLAGS=-mcpu=cortex-a9 -mfpu=vfpv3 -mfloat-abi=hard -nostartfiles -Wall -Wextra"
"Compiling uartps"
"Running Make libs in ps7_cortexa9_0/libsrc/usbps_v2_4/src"
make -C ps7_cortexa9_0/libsrc/usbps_v2_4/src -s libs  "SHELL=CMD" "COMPILER=arm-none-eabi-gcc" "ARCHIVER=arm-none-eabi-ar" "COMPILER_FLAGS=  -O2 -c" "EXTRA_COMPILER_FLAGS=-mcpu=cortex-a9 -mfpu=vfpv3 -mfloat-abi=hard -nostartfiles -Wall -Wextra"
"Compiling usbps"
"Running Make libs in ps7_cortexa9_0/libsrc/xadcps_v2_2/src"
make -C ps7_cortexa9_0/libsrc/xadcps_v2_2/src -s libs  "SHELL=CMD" "COMPILER=arm-none-eabi-gcc" "ARCHIVER=arm-none-eabi-ar" "COMPILER_FLAGS=  -O2 -c" "EXTRA_COMPILER_FLAGS=-mcpu=cortex-a9 -mfpu=vfpv3 -mfloat-abi=hard -nostartfiles -Wall -Wextra"
"Compiling xadcps"
"Running Make libs in ps7_cortexa9_0/libsrc/xilffs_v3_6/src"
make -C ps7_cortexa9_0/libsrc/xilffs_v3_6/src -s libs  "SHELL=CMD" "COMPILER=arm-none-eabi-gcc" "ARCHIVER=arm-none-eabi-ar" "COMPILER_FLAGS=  -O2 -c" "EXTRA_COMPILER_FLAGS=-mcpu=cortex-a9 -mfpu=vfpv3 -mfloat-abi=hard -nostartfiles -Wall -Wextra"
"Compiling XilFFs Library"
diskio.c:135:11: warning: 'ExtCsd' defined but not used [-Wunused-variable]
 static u8 ExtCsd[512] __attribute__ ((aligned(32)));
           ^~~~~~
ff.c: In function 'find_volume':
ff.c:2610:4: warning: dereferencing type-punned pointer will break strict-aliasing rules [-Wstrict-aliasing]
    && (LD_DWORD(fs->win+FSI_LeadSig) == 0x41615252U)
    ^~
"Running Make libs in ps7_cortexa9_0/libsrc/xilrsa_v1_3/src"
make -C ps7_cortexa9_0/libsrc/xilrsa_v1_3/src -s libs  "SHELL=CMD" "COMPILER=arm-none-eabi-gcc" "ARCHIVER=arm-none-eabi-ar" "COMPILER_FLAGS=  -O2 -c" "EXTRA_COMPILER_FLAGS=-mcpu=cortex-a9 -mfpu=vfpv3 -mfloat-abi=hard -nostartfiles -Wall -Wextra"
'Finished building libraries'
23:36:23 **** Build of configuration Debug for project FSBL ****
make pre-build main-build 
a9-linaro-pre-build-step
' '
'Building file: ../src/fsbl_handoff.S'
'Invoking: ARM v7 gcc compiler'
arm-none-eabi-gcc -Wall -O0 -g3 -I"D:\ECM_DCD\username\apps\project_csy\project_csy.sdk\system_wrapper_hw_platform_0" -c -fmessage-length=0 -MT"src/fsbl_handoff.o" -mcpu=cortex-a9 -mfpu=vfpv3 -mfloat-abi=hard -I../../FSBL_bsp/ps7_cortexa9_0/include -MMD -MP -MF"src/fsbl_handoff.d" -MT"src/fsbl_handoff.o" -o "src/fsbl_handoff.o" "../src/fsbl_handoff.S"
'Finished building: ../src/fsbl_handoff.S'
' '
'Building file: ../src/fsbl_hooks.c'
'Invoking: ARM v7 gcc compiler'
arm-none-eabi-gcc -Wall -O0 -g3 -I"D:\ECM_DCD\username\apps\project_csy\project_csy.sdk\system_wrapper_hw_platform_0" -c -fmessage-length=0 -MT"src/fsbl_hooks.o" -mcpu=cortex-a9 -mfpu=vfpv3 -mfloat-abi=hard -I../../FSBL_bsp/ps7_cortexa9_0/include -MMD -MP -MF"src/fsbl_hooks.d" -MT"src/fsbl_hooks.o" -o "src/fsbl_hooks.o" "../src/fsbl_hooks.c"
'Finished building: ../src/fsbl_hooks.c'
' '
'Building file: ../src/image_mover.c'
'Invoking: ARM v7 gcc compiler'
arm-none-eabi-gcc -Wall -O0 -g3 -I"D:\ECM_DCD\username\apps\project_csy\project_csy.sdk\system_wrapper_hw_platform_0" -c -fmessage-length=0 -MT"src/image_mover.o" -mcpu=cortex-a9 -mfpu=vfpv3 -mfloat-abi=hard -I../../FSBL_bsp/ps7_cortexa9_0/include -MMD -MP -MF"src/image_mover.d" -MT"src/image_mover.o" -o "src/image_mover.o" "../src/image_mover.c"
'Finished building: ../src/image_mover.c'
' '
'Building file: ../src/main.c'
'Invoking: ARM v7 gcc compiler'
arm-none-eabi-gcc -Wall -O0 -g3 -I"D:\ECM_DCD\username\apps\project_csy\project_csy.sdk\system_wrapper_hw_platform_0" -c -fmessage-length=0 -MT"src/main.o" -mcpu=cortex-a9 -mfpu=vfpv3 -mfloat-abi=hard -I../../FSBL_bsp/ps7_cortexa9_0/include -MMD -MP -MF"src/main.d" -MT"src/main.o" -o "src/main.o" "../src/main.c"
'Finished building: ../src/main.c'
' '
'Building file: ../src/md5.c'
'Invoking: ARM v7 gcc compiler'
arm-none-eabi-gcc -Wall -O0 -g3 -I"D:\ECM_DCD\username\apps\project_csy\project_csy.sdk\system_wrapper_hw_platform_0" -c -fmessage-length=0 -MT"src/md5.o" -mcpu=cortex-a9 -mfpu=vfpv3 -mfloat-abi=hard -I../../FSBL_bsp/ps7_cortexa9_0/include -MMD -MP -MF"src/md5.d" -MT"src/md5.o" -o "src/md5.o" "../src/md5.c"
'Finished building: ../src/md5.c'
' '
'Building file: ../src/nand.c'
'Invoking: ARM v7 gcc compiler'
arm-none-eabi-gcc -Wall -O0 -g3 -I"D:\ECM_DCD\username\apps\project_csy\project_csy.sdk\system_wrapper_hw_platform_0" -c -fmessage-length=0 -MT"src/nand.o" -mcpu=cortex-a9 -mfpu=vfpv3 -mfloat-abi=hard -I../../FSBL_bsp/ps7_cortexa9_0/include -MMD -MP -MF"src/nand.d" -MT"src/nand.o" -o "src/nand.o" "../src/nand.c"
'Finished building: ../src/nand.c'
' '
'Building file: ../src/nor.c'
'Invoking: ARM v7 gcc compiler'
arm-none-eabi-gcc -Wall -O0 -g3 -I"D:\ECM_DCD\username\apps\project_csy\project_csy.sdk\system_wrapper_hw_platform_0" -c -fmessage-length=0 -MT"src/nor.o" -mcpu=cortex-a9 -mfpu=vfpv3 -mfloat-abi=hard -I../../FSBL_bsp/ps7_cortexa9_0/include -MMD -MP -MF"src/nor.d" -MT"src/nor.o" -o "src/nor.o" "../src/nor.c"
'Finished building: ../src/nor.c'
' '
'Building file: ../src/pcap.c'
'Invoking: ARM v7 gcc compiler'
arm-none-eabi-gcc -Wall -O0 -g3 -I"D:\ECM_DCD\username\apps\project_csy\project_csy.sdk\system_wrapper_hw_platform_0" -c -fmessage-length=0 -MT"src/pcap.o" -mcpu=cortex-a9 -mfpu=vfpv3 -mfloat-abi=hard -I../../FSBL_bsp/ps7_cortexa9_0/include -MMD -MP -MF"src/pcap.d" -MT"src/pcap.o" -o "src/pcap.o" "../src/pcap.c"
'Finished building: ../src/pcap.c'
' '
'Building file: D:/ECM_DCD/username/apps/project_csy/project_csy.sdk/system_wrapper_hw_platform_0/ps7_init.c'
'Invoking: ARM v7 gcc compiler'
arm-none-eabi-gcc -Wall -O0 -g3 -I"D:\ECM_DCD\username\apps\project_csy\project_csy.sdk\system_wrapper_hw_platform_0" -c -fmessage-length=0 -MT"src/ps7_init.o" -mcpu=cortex-a9 -mfpu=vfpv3 -mfloat-abi=hard -I../../FSBL_bsp/ps7_cortexa9_0/include -MMD -MP -MF"src/ps7_init.d" -MT"src/ps7_init.o" -o "src/ps7_init.o" "D:/ECM_DCD/username/apps/project_csy/project_csy.sdk/system_wrapper_hw_platform_0/ps7_init.c"
'Finished building: D:/ECM_DCD/username/apps/project_csy/project_csy.sdk/system_wrapper_hw_platform_0/ps7_init.c'
' '
'Building file: ../src/qspi.c'
'Invoking: ARM v7 gcc compiler'
arm-none-eabi-gcc -Wall -O0 -g3 -I"D:\ECM_DCD\username\apps\project_csy\project_csy.sdk\system_wrapper_hw_platform_0" -c -fmessage-length=0 -MT"src/qspi.o" -mcpu=cortex-a9 -mfpu=vfpv3 -mfloat-abi=hard -I../../FSBL_bsp/ps7_cortexa9_0/include -MMD -MP -MF"src/qspi.d" -MT"src/qspi.o" -o "src/qspi.o" "../src/qspi.c"
'Finished building: ../src/qspi.c'
' '
'Building file: ../src/rsa.c'
'Invoking: ARM v7 gcc compiler'
arm-none-eabi-gcc -Wall -O0 -g3 -I"D:\ECM_DCD\username\apps\project_csy\project_csy.sdk\system_wrapper_hw_platform_0" -c -fmessage-length=0 -MT"src/rsa.o" -mcpu=cortex-a9 -mfpu=vfpv3 -mfloat-abi=hard -I../../FSBL_bsp/ps7_cortexa9_0/include -MMD -MP -MF"src/rsa.d" -MT"src/rsa.o" -o "src/rsa.o" "../src/rsa.c"
'Finished building: ../src/rsa.c'
' '
'Building file: ../src/sd.c'
'Invoking: ARM v7 gcc compiler'
arm-none-eabi-gcc -Wall -O0 -g3 -I"D:\ECM_DCD\username\apps\project_csy\project_csy.sdk\system_wrapper_hw_platform_0" -c -fmessage-length=0 -MT"src/sd.o" -mcpu=cortex-a9 -mfpu=vfpv3 -mfloat-abi=hard -I../../FSBL_bsp/ps7_cortexa9_0/include -MMD -MP -MF"src/sd.d" -MT"src/sd.o" -o "src/sd.o" "../src/sd.c"
'Finished building: ../src/sd.c'
' '
'Building target: FSBL.elf'
'Invoking: ARM v7 gcc linker'
arm-none-eabi-gcc -mcpu=cortex-a9 -mfpu=vfpv3 -mfloat-abi=hard -Wl,-build-id=none -specs=Xilinx.spec -Wl,-T -Wl,../src/lscript.ld -L../../FSBL_bsp/ps7_cortexa9_0/lib -o "FSBL.elf"  ./src/fsbl_handoff.o ./src/fsbl_hooks.o ./src/image_mover.o ./src/main.o ./src/md5.o ./src/nand.o ./src/nor.o ./src/pcap.o ./src/ps7_init.o ./src/qspi.o ./src/rsa.o ./src/sd.o   -Wl,--start-group,-lxil,-lgcc,-lc,--end-group -Wl,--start-group,-lxilffs,-lxil,-lgcc,-lc,--end-group -Wl,--start-group,-lrsa,-lxil,-lgcc,-lc,--end-group
'Finished building target: FSBL.elf'
' '
'Invoking: ARM v7 Print Size'
arm-none-eabi-size FSBL.elf  |tee "FSBL.elf.size"
   text	   data	    bss	    dec	    hex	filename
  78416	  11768	  74344	 164528	  282b0	FSBL.elf
'Finished building: FSBL.elf.size'
' '
23:36:40 **** Auto Build of configuration Debug for project console ****
make pre-build main-build 
a9-linaro-pre-build-step
' '
make: Für das Ziel »main-build« ist nichts zu tun.
08:43:03 **** Auto Build of configuration Debug for project console ****
make pre-build main-build 
a9-linaro-pre-build-step
' '
make: Für das Ziel »main-build« ist nichts zu tun.
13:23:43 **** Auto Build of configuration Debug for project console ****
make pre-build main-build 
a9-linaro-pre-build-step
' '
make: Für das Ziel »main-build« ist nichts zu tun.
16:22:52 **** Auto Build of configuration Debug for project console ****
make pre-build main-build 
a9-linaro-pre-build-step
' '
make: Für das Ziel »main-build« ist nichts zu tun.
16:48:48 **** Auto Build of configuration Debug for project console ****
make pre-build main-build 
a9-linaro-pre-build-step
' '
make: Für das Ziel »main-build« ist nichts zu tun.
17:02:42 **** Auto Build of configuration Debug for project console ****
make pre-build main-build 
a9-linaro-pre-build-step
' '
make: Für das Ziel »main-build« ist nichts zu tun.
18:30:06 **** Auto Build of configuration Debug for project console ****
make pre-build main-build 
a9-linaro-pre-build-step
' '
make: Für das Ziel »main-build« ist nichts zu tun.
19:33:44 **** Auto Build of configuration Debug for project console ****
make pre-build main-build 
a9-linaro-pre-build-step
' '
make: Für das Ziel »main-build« ist nichts zu tun.
