#-----------------------------------------------------------
# Vivado v2017.2 (64-bit)
# SW Build 1909853 on Thu Jun 15 18:39:09 MDT 2017
# IP Build 1909766 on Thu Jun 15 19:58:00 MDT 2017
# Start of session at: Wed Oct 24 21:49:55 2018
# Process ID: 19692
# Current directory: E:/_Vorlesungen/ECM/ECM_CSY/14_Github/csy_lab/vivado_apps/project_csy
# Command line: vivado.exe E:\_Vorlesungen\ECM\ECM_CSY\14_Github\csy_lab\vivado_apps\project_csy\project_csy.xpr
# Log file: E:/_Vorlesungen/ECM/ECM_CSY/14_Github/csy_lab/vivado_apps/project_csy/vivado.log
# Journal file: E:/_Vorlesungen/ECM/ECM_CSY/14_Github/csy_lab/vivado_apps/project_csy\vivado.jou
#-----------------------------------------------------------
start_gui
open_project E:/_Vorlesungen/ECM/ECM_CSY/14_Github/csy_lab/vivado_apps/project_csy/project_csy.xpr
open_bd_design {E:/_Vorlesungen/ECM/ECM_CSY/14_Github/csy_lab/vivado_apps/project_csy/project_csy.srcs/sources_1/bd/system/system.bd}
update_compile_order -fileset sources_1
update_ip_catalog -rebuild
config_ip_cache -import_from_project -use_cache_location D:/ECM_DCD/username/apps/project_csy/project_csy.cache/ip
update_ip_catalog
